<html>
<body>
<pre>
<h1>礦ision Build Log</h1>
<h2>Tool Versions:</h2>
IDE-Version: μVision V5.29.0.0
Copyright (C) 2019 ARM Ltd and ARM Germany GmbH. All rights reserved.
License Information: Feng Song, A, LIC=UB4EI-TMEY1-E08N4-F73UK-W5ZI3-LRTMU
 
Tool Versions:
Toolchain:       MDK-ARM Professional  Version: 5.29.0.0
Toolchain Path:  C:\Keil_v5\ARM\ARMCLANG\Bin
C Compiler:      ArmClang.exe V6.13.1
Assembler:       Armasm.exe V6.13.1
Linker/Locator:  ArmLink.exe V6.13.1
Library Manager: ArmAr.exe V6.13.1
Hex Converter:   FromElf.exe V6.13.1
CPU DLL:         
Dialog DLL:      
Target DLL:      UL2V8M.DLL V1.6.0.0
Dialog DLL:      TCM.DLL V1.36.5.0
 
<h2>Project:</h2>
D:\平台研发部\四川水电项目\镜像发布\cm33\ssh\ssh\cortex-m33\cm33-freertos.uvprojx
Project File Date:  07/09/2026

<h2>Output:</h2>
*** Using Compiler 'V6.13.1', folder: 'C:\Keil_v5\ARM\ARMCLANG\Bin'
Rebuild target 'Target 1'
compiling main.c...
compiling I2C_main.c...
compiling SEMAPHORE_main.c...
compiling PWMTMR010_main.c...
compiling GPIO010_main.c...
compiling IP_test_main.c...
compiling memtest.c...
compiling DMAC020_main.c...
compiling fpu_itm.c...
compiling SSP_SPI_main.c...
compiling I2S_main.c...
compiling UART_DMA_main.c...
compiling PWMTMR_DMA_main.c...
compiling KBC_main.c...
compiling SPI2AHB_main.c...
compiling eFuse_main.c...
compiling WDT011_main.c...
compiling DrvPWMTMR010.c...
compiling DrvSemaphore.c...
compiling DrvGPIO010.c...
compiling DrvUART010.c...
compiling DrvI2C_ftiic020.c...
compiling utility.c...
compiling DrvDMAC020.c...
compiling DrvKBC010.c...
compiling DrvSSP010.c...
compiling Driver_SAI.c...
compiling ftssp010.c...
compiling wm8731.c...
compiling DrvWDT011.c...
compiling clib_arm.c...
assembling startup_ARMCM33.s...
compiling cmsis_os2.c...
compiling os_systick.c...
compiling retarget_io.c...
compiling I2C_MultiSlave.c...
compiling system_ARMCM33.c...
compiling freertos_evr.c...
compiling croutine.c...
compiling event_groups.c...
compiling list.c...
compiling port.c...
compiling portasm.c...
compiling heap_4.c...
compiling queue.c...
compiling timers.c...
compiling tasks.c...
linking...
Program Size: Code=12028 RO-data=2608 RW-data=88 ZI-data=5312  
FromELF: creating hex file...
After Build - User command #1: fromelf --bin ".\Objects\cm33-freertos.axf" --output ".\Objects\cm33-freertos.bin"
After Build - User command #2: fromelf --text -c ".\Objects\cm33-freertos.axf" --output ".\Objects\cm33-freertos.txt"
".\Objects\cm33-freertos.axf" - 0 Error(s), 0 Warning(s).

<h2>Software Packages used:</h2>

Package Vendor: ARM
                http://www.keil.com/pack/ARM.CMSIS.5.6.0.pack
                ARM.CMSIS.5.6.0
                CMSIS (Cortex Microcontroller Software Interface Standard)
   * Component: I2C Version: 2.3.0
   * Component: RTOS2 Version: 2.1.3
   * Component: CORE Version: 5.3.0
   * Component: DSP Variant: Library Version: 1.7.0
   * Component: Startup Version: 1.2.0

Package Vendor: ARM
                http://www.keil.com/pack/ARM.CMSIS-Driver.2.3.0.pack
                ARM.CMSIS-Driver.2.3.0
                CMSIS Drivers for external devices
   * Component: Multi-Slave Version: 1.0.1

Package Vendor: ARM
                http://www.keil.com/pack/ARM.CMSIS-FreeRTOS.10.2.0.pack
                ARM.CMSIS-FreeRTOS.10.2.0
                Bundle of FreeRTOS for Cortex-M and Cortex-A
   * Component: Config Variant: CMSIS RTOS2 Version: 10.2.0
   * Component: Core Variant: Cortex-M Version: 10.2.0
   * Component: Coroutines Version: 10.2.0
   * Component: Event Groups Version: 10.2.0
   * Component: Heap Variant: Heap_4 Version: 10.2.0
   * Component: Timers Version: 10.2.0
   * Component: FreeRTOS Version: 10.2.0

Package Vendor: Keil
                http://www.keil.com/pack/Keil.ARM_Compiler.1.6.2.pack
                Keil.ARM_Compiler.1.6.2
                Keil ARM Compiler extensions for ARM Compiler 5 and ARM Compiler 6
   * Component: STDIN Variant: ITM Version: 1.2.0
   * Component: STDOUT Variant: ITM Version: 1.2.0

<h2>Collection of Component include folders:</h2>
  .\RTE\CMSIS_Driver
  .\RTE\RTOS
  .\RTE\_Target_1
  C:\Users\YF4\AppData\Local\Arm\Packs\ARM\CMSIS-FreeRTOS\10.2.0\CMSIS\RTOS2\FreeRTOS\Include
  C:\Users\YF4\AppData\Local\Arm\Packs\ARM\CMSIS-FreeRTOS\10.2.0\Source\include
  C:\Users\YF4\AppData\Local\Arm\Packs\ARM\CMSIS-FreeRTOS\10.2.0\Source\portable\GCC\ARM_CM33_NTZ\non_secure
  C:\Users\YF4\AppData\Local\Arm\Packs\ARM\CMSIS\5.6.0\CMSIS\Core\Include
  C:\Users\YF4\AppData\Local\Arm\Packs\ARM\CMSIS\5.6.0\CMSIS\DSP\Include
  C:\Users\YF4\AppData\Local\Arm\Packs\ARM\CMSIS\5.6.0\CMSIS\Driver\Include
  C:\Users\YF4\AppData\Local\Arm\Packs\ARM\CMSIS\5.6.0\CMSIS\RTOS2\Include
  C:\Users\YF4\AppData\Local\Arm\Packs\ARM\CMSIS\5.6.0\Device\ARM\ARMCM33\Include

<h2>Collection of Component Files used:</h2>

   * Component: ::CMSIS Driver:I2C:2.3.0 (API)
      Include file:  CMSIS\Driver\Include\Driver_I2C.h

   * Component: ::CMSIS:RTOS2:2.1.3 (API)
      Include file:  CMSIS\RTOS2\Include\cmsis_os2.h

   * Component: ARM.FreeRTOS::RTOS:Config:CMSIS RTOS2:10.2.0
      Include file:  CMSIS\RTOS2\FreeRTOS\Config\ARMCM\FreeRTOSConfig.h

   * Component: ARM.FreeRTOS::RTOS:Core:Cortex-M:10.2.0
      Include file:  Source\include\FreeRTOS.h
      Include file:  Source\include\task.h
      Source file:   Source\tasks.c
      Source file:   Source\queue.c
      Include file:  Source\include\queue.h
      Include file:  Source\include\semphr.h
      Source file:   Source\list.c
      Source file:   Source\portable\GCC\ARM_CM33_NTZ\non_secure\portasm.c
      Source file:   Source\portable\GCC\ARM_CM33_NTZ\non_secure\port.c
      Source file:   CMSIS\RTOS2\FreeRTOS\Source\freertos_evr.c

   * Component: ARM.FreeRTOS::RTOS:Coroutines:10.2.0
      Include file:  Source\include\croutine.h
      Source file:   Source\croutine.c

   * Component: ARM.FreeRTOS::RTOS:Event Groups:10.2.0
      Include file:  Source\include\event_groups.h
      Source file:   Source\event_groups.c

   * Component: ARM.FreeRTOS::RTOS:Heap:Heap_4:10.2.0
      Source file:   Source\portable\MemMang\heap_4.c

   * Component: ARM.FreeRTOS::RTOS:Timers:10.2.0
      Source file:   Source\timers.c
      Include file:  Source\include\timers.h

   * Component: ARM::CMSIS:CORE:5.3.0

   * Component: ARM::CMSIS:DSP:Library:1.7.0
      Include file:  CMSIS\DSP\Include\arm_math.h
      Library file:  CMSIS\DSP\Lib\ARM\arm_ARMv8MMLldfsp_math.lib

   * Component: ARM::CMSIS:RTOS2:FreeRTOS:10.2.0
      Source file:   CMSIS\RTOS2\FreeRTOS\Source\os_systick.c
      Source file:   CMSIS\RTOS2\FreeRTOS\Source\cmsis_os2.c
      Source file:   CMSIS\RTOS2\FreeRTOS\Source\ARM\clib_arm.c

   * Component: ARM::Device:Startup:1.2.0
      Source file:   Device\ARM\ARMCM33\Source\system_ARMCM33.c
      Source file:   Device\ARM\ARMCM33\Source\ARM\startup_ARMCM33.s

   * Component: Keil.ARM Compiler::Compiler:I/O:STDIN:ITM:1.2.0
      Source file:   Source\retarget_io.c

   * Component: Keil.ARM Compiler::Compiler:I/O:STDOUT:ITM:1.2.0
      Source file:   Source\retarget_io.c

   * Component: Keil::CMSIS Driver:I2C:Multi-Slave:1.0.1
      Source file:   I2C\I2C_MultiSlave.c
      Include file:  Config\I2C_MultiSlave_Config.h
Build Time Elapsed:  00:00:06
</pre>
</body>
</html>
