Component: ARM Compiler 6.13.1 Tool: armlink [5d895400]

==============================================================================

Section Cross References

    main.o(.ARM.exidx.text.delay) refers to main.o(.text.delay) for [Anonymous Symbol]
    main.o(.text.main) refers to system_armcm33.o(.text.SystemCoreClockUpdate) for SystemCoreClockUpdate
    main.o(.text.main) refers to main.o(.text.__NVIC_EnableIRQ) for __NVIC_EnableIRQ
    main.o(.text.main) refers to main.o(.rodata.str1.1) for .L.str
    main.o(.text.main) refers to drvuart010.o(.text.fLib_printf) for fLib_printf
    main.o(.text.main) refers to memseta.o(.text) for __aeabi_memclr
    main.o(.text.main) refers to drvgpio010.o(.text.fLib_SetGpioDir) for fLib_SetGpioDir
    main.o(.text.main) refers to drvgpio010.o(.text.fLib_Gpio_ReadData) for fLib_Gpio_ReadData
    main.o(.text.main) refers to main.o(.text.delay) for delay
    main.o(.ARM.exidx.text.main) refers to main.o(.text.main) for [Anonymous Symbol]
    main.o(.ARM.exidx.text.__NVIC_EnableIRQ) refers to main.o(.text.__NVIC_EnableIRQ) for [Anonymous Symbol]
    pwmtmr010_main.o(.text.WaitForTick) refers to drvpwmtmr010.o(.bss.T4_Tick) for T4_Tick
    pwmtmr010_main.o(.ARM.exidx.text.WaitForTick) refers to pwmtmr010_main.o(.text.WaitForTick) for [Anonymous Symbol]
    pwmtmr010_main.o(.text.delay_ms) refers to pwmtmr010_main.o(.text.WaitForTick) for WaitForTick
    pwmtmr010_main.o(.ARM.exidx.text.delay_ms) refers to pwmtmr010_main.o(.text.delay_ms) for [Anonymous Symbol]
    pwmtmr010_main.o(.text.Delay) refers to pwmtmr010_main.o(.text.WaitForTick) for WaitForTick
    pwmtmr010_main.o(.ARM.exidx.text.Delay) refers to pwmtmr010_main.o(.text.Delay) for [Anonymous Symbol]
    pwmtmr010_main.o(.text.PWM_Test) refers to pwmtmr010_main.o(.rodata.str1.1) for .L.str
    pwmtmr010_main.o(.text.PWM_Test) refers to drvuart010.o(.text.fLib_printf) for fLib_printf
    pwmtmr010_main.o(.text.PWM_Test) refers to drvuart010.o(.text.fLib_gets) for fLib_gets
    pwmtmr010_main.o(.text.PWM_Test) refers to atoi.o(.text) for atoi
    pwmtmr010_main.o(.text.PWM_Test) refers to drvpwmtmr010.o(.data.pwmTmrBaseIndex) for pwmTmrBaseIndex
    pwmtmr010_main.o(.text.PWM_Test) refers to drvpwmtmr010.o(.text.fLib_Timer_Init) for fLib_Timer_Init
    pwmtmr010_main.o(.text.PWM_Test) refers to drvpwmtmr010.o(.text.ftpwmtmr010_pwm_config) for ftpwmtmr010_pwm_config
    pwmtmr010_main.o(.text.PWM_Test) refers to drvpwmtmr010.o(.text.ftpwmtmr010_pwm_set_polarity) for ftpwmtmr010_pwm_set_polarity
    pwmtmr010_main.o(.text.PWM_Test) refers to drvpwmtmr010.o(.text.ftpwmtmr010_pwm_enable) for ftpwmtmr010_pwm_enable
    pwmtmr010_main.o(.text.PWM_Test) refers to drvuart010.o(.text.fLib_getchar) for fLib_getchar
    pwmtmr010_main.o(.text.PWM_Test) refers to drvpwmtmr010.o(.text.fLib_Timer_Close) for fLib_Timer_Close
    pwmtmr010_main.o(.ARM.exidx.text.PWM_Test) refers to pwmtmr010_main.o(.text.PWM_Test) for [Anonymous Symbol]
    pwmtmr010_main.o(.text.pwmtmr010_main) refers to pwmtmr010_main.o(.rodata.str1.1) for .L.str.7
    pwmtmr010_main.o(.text.pwmtmr010_main) refers to drvuart010.o(.text.fLib_printf) for fLib_printf
    pwmtmr010_main.o(.text.pwmtmr010_main) refers to drvuart010.o(.text.fLib_gets) for fLib_gets
    pwmtmr010_main.o(.text.pwmtmr010_main) refers to atoi.o(.text) for atoi
    pwmtmr010_main.o(.text.pwmtmr010_main) refers to pwmtmr010_main.o(.text.PWM_Test) for PWM_Test
    pwmtmr010_main.o(.text.pwmtmr010_main) refers to pwmtmr010_main.o(.bss.hr) for hr
    pwmtmr010_main.o(.text.pwmtmr010_main) refers to pwmtmr010_main.o(.bss.min) for min
    pwmtmr010_main.o(.text.pwmtmr010_main) refers to pwmtmr010_main.o(.bss.sec) for sec
    pwmtmr010_main.o(.text.pwmtmr010_main) refers to drvpwmtmr010.o(.text.fLib_Timer_Init) for fLib_Timer_Init
    pwmtmr010_main.o(.text.pwmtmr010_main) refers to drvuart010.o(.text.fLib_getchar) for fLib_getchar
    pwmtmr010_main.o(.text.pwmtmr010_main) refers to drvpwmtmr010.o(.text.fLib_Timer_Close) for fLib_Timer_Close
    pwmtmr010_main.o(.ARM.exidx.text.pwmtmr010_main) refers to pwmtmr010_main.o(.text.pwmtmr010_main) for [Anonymous Symbol]
    pwmtmr010_main.o(.text.PWMTMR1_IRQHandler) refers to drvpwmtmr010.o(.text.fLib_Timer_IntClear) for fLib_Timer_IntClear
    pwmtmr010_main.o(.text.PWMTMR1_IRQHandler) refers to drvpwmtmr010.o(.bss.T1_Tick) for T1_Tick
    pwmtmr010_main.o(.text.PWMTMR1_IRQHandler) refers to pwmtmr010_main.o(.bss.sec) for sec
    pwmtmr010_main.o(.text.PWMTMR1_IRQHandler) refers to drvgpio010.o(.text.fLib_Gpio_ReadData) for fLib_Gpio_ReadData
    pwmtmr010_main.o(.text.PWMTMR1_IRQHandler) refers to drvgpio010.o(.text.fLib_Gpio_WriteData) for fLib_Gpio_WriteData
    pwmtmr010_main.o(.text.PWMTMR1_IRQHandler) refers to pwmtmr010_main.o(.bss.min) for min
    pwmtmr010_main.o(.text.PWMTMR1_IRQHandler) refers to pwmtmr010_main.o(.bss.hr) for hr
[...]
    Removing arm_common_tables.o(.rodata.twiddleCoef_1024_q15), (3072 bytes).
    Removing arm_common_tables.o(.rodata.twiddleCoef_2048_q15), (6144 bytes).
    Removing arm_common_tables.o(.rodata.twiddleCoef_4096_q15), (12288 bytes).
    Removing arm_common_tables.o(.rodata.armBitRevIndexTable16), (40 bytes).
    Removing arm_common_tables.o(.rodata.armBitRevIndexTable32), (96 bytes).
    Removing arm_common_tables.o(.rodata.armBitRevIndexTable64), (112 bytes).
    Removing arm_common_tables.o(.rodata.armBitRevIndexTable128), (416 bytes).
    Removing arm_common_tables.o(.rodata.armBitRevIndexTable256), (880 bytes).
    Removing arm_common_tables.o(.rodata.armBitRevIndexTable512), (896 bytes).
    Removing arm_common_tables.o(.rodata.armBitRevIndexTable1024), (3600 bytes).
    Removing arm_common_tables.o(.rodata.armBitRevIndexTable2048), (7616 bytes).
    Removing arm_common_tables.o(.rodata.armBitRevIndexTable4096), (8064 bytes).
    Removing arm_common_tables.o(.rodata.armBitRevIndexTable_fixed_16), (24 bytes).
    Removing arm_common_tables.o(.rodata.armBitRevIndexTable_fixed_32), (48 bytes).
    Removing arm_common_tables.o(.rodata.armBitRevIndexTable_fixed_64), (112 bytes).
    Removing arm_common_tables.o(.rodata.armBitRevIndexTable_fixed_128), (224 bytes).
    Removing arm_common_tables.o(.rodata.armBitRevIndexTable_fixed_256), (480 bytes).
    Removing arm_common_tables.o(.rodata.armBitRevIndexTable_fixed_512), (960 bytes).
    Removing arm_common_tables.o(.rodata.armBitRevIndexTable_fixed_1024), (1984 bytes).
    Removing arm_common_tables.o(.rodata.armBitRevIndexTable_fixed_2048), (3968 bytes).
    Removing arm_common_tables.o(.rodata.armBitRevIndexTable_fixed_4096), (8064 bytes).
    Removing arm_common_tables.o(.rodata.twiddleCoef_rfft_32), (128 bytes).
    Removing arm_common_tables.o(.rodata.twiddleCoef_rfft_64), (256 bytes).
    Removing arm_common_tables.o(.rodata.twiddleCoef_rfft_128), (512 bytes).
    Removing arm_common_tables.o(.rodata.twiddleCoef_rfft_256), (1024 bytes).
    Removing arm_common_tables.o(.rodata.twiddleCoef_rfft_512), (2048 bytes).
    Removing arm_common_tables.o(.rodata.twiddleCoef_rfft_1024), (4096 bytes).
    Removing arm_common_tables.o(.rodata.twiddleCoef_rfft_2048), (8192 bytes).
    Removing arm_common_tables.o(.rodata.twiddleCoef_rfft_4096), (16384 bytes).
    Removing arm_common_tables.o(.rodata.realCoefA), (32768 bytes).
    Removing arm_common_tables.o(.rodata.realCoefB), (32768 bytes).
    Removing arm_common_tables.o(.rodata.realCoefAQ31), (32768 bytes).
    Removing arm_common_tables.o(.rodata.realCoefBQ31), (32768 bytes).
    Removing arm_common_tables.o(.rodata.realCoefAQ15), (16384 bytes).
    Removing arm_common_tables.o(.rodata.realCoefBQ15), (16384 bytes).
    Removing arm_common_tables.o(.rodata.Weights_128), (1024 bytes).
    Removing arm_common_tables.o(.rodata.cos_factors_128), (512 bytes).
    Removing arm_common_tables.o(.rodata.Weights_512), (4096 bytes).
    Removing arm_common_tables.o(.rodata.cos_factors_512), (2048 bytes).
    Removing arm_common_tables.o(.rodata.Weights_2048), (16384 bytes).
    Removing arm_common_tables.o(.rodata.cos_factors_2048), (8192 bytes).
    Removing arm_common_tables.o(.rodata.Weights_8192), (65536 bytes).
    Removing arm_common_tables.o(.rodata.cos_factors_8192), (32768 bytes).
    Removing arm_common_tables.o(.rodata.WeightsQ15_128), (512 bytes).
    Removing arm_common_tables.o(.rodata.cos_factorsQ15_128), (256 bytes).
    Removing arm_common_tables.o(.rodata.WeightsQ15_512), (2048 bytes).
    Removing arm_common_tables.o(.rodata.cos_factorsQ15_512), (1024 bytes).
    Removing arm_common_tables.o(.rodata.WeightsQ15_2048), (8192 bytes).
    Removing arm_common_tables.o(.rodata.cos_factorsQ15_2048), (4096 bytes).
    Removing arm_common_tables.o(.rodata.WeightsQ15_8192), (32768 bytes).
    Removing arm_common_tables.o(.rodata.cos_factorsQ15_8192), (16384 bytes).
    Removing arm_common_tables.o(.rodata.WeightsQ31_128), (1024 bytes).
    Removing arm_common_tables.o(.rodata.cos_factorsQ31_128), (512 bytes).
    Removing arm_common_tables.o(.rodata.WeightsQ31_512), (4096 bytes).
    Removing arm_common_tables.o(.rodata.cos_factorsQ31_512), (2048 bytes).
    Removing arm_common_tables.o(.rodata.WeightsQ31_2048), (16384 bytes).
    Removing arm_common_tables.o(.rodata.cos_factorsQ31_2048), (8192 bytes).
    Removing arm_common_tables.o(.rodata.WeightsQ31_8192), (65536 bytes).
    Removing arm_common_tables.o(.rodata.cos_factorsQ31_8192), (32768 bytes).
    Removing arm_common_tables.o(.rodata.armRecipTableQ15), (128 bytes).
    Removing arm_common_tables.o(.rodata.armRecipTableQ31), (256 bytes).
    Removing arm_common_tables.o(.rodata.sinTable_f32), (2052 bytes).
    Removing arm_common_tables.o(.rodata.sinTable_q31), (2052 bytes).
    Removing arm_common_tables.o(.rodata.sinTable_q15), (1026 bytes).
    Removing f2d.o(.text), (38 bytes).
    Removing dfltul.o(.text), (24 bytes).
    Removing d2f.o(.text), (56 bytes).
    Removing fepilogue.o(.text), (110 bytes).

1727 unused section(s) (total 809837 bytes) removed from the image.

==============================================================================

Image Symbol Table

    Local Symbols

    Symbol Name                              Value     Ov Type        Size  Object(Section)

    ../clib/microlib/ctype/ctype.c           0x00000000   Number         0  ctype_o.o ABSOLUTE
    ../clib/microlib/ctype/ctype.c           0x00000000   Number         0  isalnum_o.o ABSOLUTE
    ../clib/microlib/ctype/ctype.c           0x00000000   Number         0  isalpha_o.o ABSOLUTE
    ../clib/microlib/ctype/ctype.c           0x00000000   Number         0  isblank_o.o ABSOLUTE
    ../clib/microlib/ctype/ctype.c           0x00000000   Number         0  iscntrl_o.o ABSOLUTE
    ../clib/microlib/ctype/ctype.c           0x00000000   Number         0  isdigit_o.o ABSOLUTE
    ../clib/microlib/ctype/ctype.c           0x00000000   Number         0  isgraph_o.o ABSOLUTE
    ../clib/microlib/ctype/ctype.c           0x00000000   Number         0  islower_o.o ABSOLUTE
    ../clib/microlib/ctype/ctype.c           0x00000000   Number         0  isprint_o.o ABSOLUTE
    ../clib/microlib/ctype/ctype.c           0x00000000   Number         0  ispunct_o.o ABSOLUTE
    ../clib/microlib/ctype/ctype.c           0x00000000   Number         0  isspace_o.o ABSOLUTE
    ../clib/microlib/ctype/ctype.c           0x00000000   Number         0  isupper_o.o ABSOLUTE
    ../clib/microlib/ctype/ctype.c           0x00000000   Number         0  isxdigit_o.o ABSOLUTE
    ../clib/microlib/ctype/ctype.c           0x00000000   Number         0  isspace_c.o ABSOLUTE
    ../clib/microlib/ctype/ctype.c           0x00000000   Number         0  ctype_c.o ABSOLUTE
    ../clib/microlib/division.c              0x00000000   Number         0  uidiv.o ABSOLUTE
    ../clib/microlib/division.c              0x00000000   Number         0  uldiv.o ABSOLUTE
    ../clib/microlib/errno.c                 0x00000000   Number         0  errno.o ABSOLUTE
    ../clib/microlib/init/entry.s            0x00000000   Number         0  entry.o ABSOLUTE
    ../clib/microlib/init/entry.s            0x00000000   Number         0  entry2.o ABSOLUTE
    ../clib/microlib/init/entry.s            0x00000000   Number         0  entry5.o ABSOLUTE
    ../clib/microlib/init/entry.s            0x00000000   Number         0  entry7a.o ABSOLUTE
    ../clib/microlib/init/entry.s            0x00000000   Number         0  entry7b.o ABSOLUTE
    ../clib/microlib/init/entry.s            0x00000000   Number         0  entry8a.o ABSOLUTE
    ../clib/microlib/init/entry.s            0x00000000   Number         0  entry8b.o ABSOLUTE
    ../clib/microlib/init/entry.s            0x00000000   Number         0  entry9a.o ABSOLUTE
    ../clib/microlib/init/entry.s            0x00000000   Number         0  entry9b.o ABSOLUTE
    ../clib/microlib/init/entry.s            0x00000000   Number         0  entry10a.o ABSOLUTE
    ../clib/microlib/init/entry.s            0x00000000   Number         0  entry10b.o ABSOLUTE
    ../clib/microlib/init/entry.s            0x00000000   Number         0  entry11a.o ABSOLUTE
    ../clib/microlib/init/entry.s            0x00000000   Number         0  entry11b.o ABSOLUTE
    ../clib/microlib/longlong.c              0x00000000   Number         0  llshl.o ABSOLUTE
    ../clib/microlib/longlong.c              0x00000000   Number         0  llushr.o ABSOLUTE
    ../clib/microlib/longlong.c              0x00000000   Number         0  llsshr.o ABSOLUTE
    ../clib/microlib/malloc/malloc.c         0x00000000   Number         0  malloc.o ABSOLUTE
    ../clib/microlib/malloc/malloc.c         0x00000000   Number         0  mallocr.o ABSOLUTE
    ../clib/microlib/malloc/malloc.c         0x00000000   Number         0  malloca.o ABSOLUTE
    ../clib/microlib/malloc/malloc.c         0x00000000   Number         0  mallocra.o ABSOLUTE
    ../clib/microlib/malloc/mvars.c          0x00000000   Number         0  mvars.o ABSOLUTE
    ../clib/microlib/printf/printf.c         0x00000000   Number         0  printfa.o ABSOLUTE
    ../clib/microlib/stdio/fputs.c           0x00000000   Number         0  fputs.o ABSOLUTE
    ../clib/microlib/stdio/fputs.c           0x00000000   Number         0  fputs_e.o ABSOLUTE
    ../clib/microlib/stdio/streams.c         0x00000000   Number         0  stdin.o ABSOLUTE
    ../clib/microlib/stdio/streams.c         0x00000000   Number         0  stdout.o ABSOLUTE
    ../clib/microlib/stdio/streams.c         0x00000000   Number         0  stderr.o ABSOLUTE
    ../clib/microlib/stdlib/rand.c           0x00000000   Number         0  rand.o ABSOLUTE
    ../clib/microlib/string/memcmp.c         0x00000000   Number         0  memcmp.o ABSOLUTE
    ../clib/microlib/string/memcpy.c         0x00000000   Number         0  memcpya.o ABSOLUTE
    ../clib/microlib/string/memcpy.c         0x00000000   Number         0  memcpyb.o ABSOLUTE
    ../clib/microlib/string/memset.c         0x00000000   Number         0  memseta.o ABSOLUTE
    ../clib/microlib/string/strcmp.c         0x00000000   Number         0  strcmp.o ABSOLUTE
    ../clib/microlib/string/strcpy.c         0x00000000   Number         0  strcpy.o ABSOLUTE
    ../clib/microlib/string/strlen.c         0x00000000   Number         0  strlen.o ABSOLUTE
    ../clib/microlib/string/strtok.c         0x00000000   Number         0  strtok.o ABSOLUTE
    ../clib/microlib/string/strtok.c         0x00000000   Number         0  strtok_r.o ABSOLUTE
    ../clib/microlib/stubs.s                 0x00000000   Number         0  iusefp.o ABSOLUTE
    ../clib/scanf.c                          0x00000000   Number         0  sscanf.o ABSOLUTE
    ../clib/scanf.c                          0x00000000   Number         0  strtol.o ABSOLUTE
    ../clib/scanf.c                          0x00000000   Number         0  atoi.o ABSOLUTE
    ../clib/scanf.c                          0x00000000   Number         0  _scanf_longlong.o ABSOLUTE
    ../clib/scanf.c                          0x00000000   Number         0  _scanf_int.o ABSOLUTE
    ../clib/scanf.c                          0x00000000   Number         0  _scanf_str.o ABSOLUTE
    ../clib/scanf.c                          0x00000000   Number         0  scanf_fp.o ABSOLUTE
    ../clib/scanf.c                          0x00000000   Number         0  scanf_char.o ABSOLUTE
    ../clib/scanf.c                          0x00000000   Number         0  _sgetc.o ABSOLUTE
    ../clib/scanf.c                          0x00000000   Number         0  _strtoul.o ABSOLUTE
    ../clib/scanf.c                          0x00000000   Number         0  _chval.o ABSOLUTE
    ../clib/scanf.c                          0x00000000   Number         0  _scanf.o ABSOLUTE
    ../fplib/microlib/d2f.c                  0x00000000   Number         0  d2f.o ABSOLUTE
    ../fplib/microlib/f2d.c                  0x00000000   Number         0  f2d.o ABSOLUTE
    ../fplib/microlib/fpadd.c                0x00000000   Number         0  dadd.o ABSOLUTE
    ../fplib/microlib/fpdiv.c                0x00000000   Number         0  ddiv.o ABSOLUTE
    ../fplib/microlib/fpepilogue.c           0x00000000   Number         0  depilogue.o ABSOLUTE
    ../fplib/microlib/fpepilogue.c           0x00000000   Number         0  fepilogue.o ABSOLUTE
    ../fplib/microlib/fpfix.c                0x00000000   Number         0  dfixul.o ABSOLUTE
    ../fplib/microlib/fpflt.c                0x00000000   Number         0  dfltul.o ABSOLUTE
    ../fplib/microlib/fpmul.c                0x00000000   Number         0  dmul.o ABSOLUTE
    DMAC020_main.c                           0x00000000   Number         0  dmac020_main.o ABSOLUTE
    Driver_SAI.c                             0x00000000   Number         0  driver_sai.o ABSOLUTE
    DrvDMAC020.c                             0x00000000   Number         0  drvdmac020.o ABSOLUTE
    DrvGPIO010.c                             0x00000000   Number         0  drvgpio010.o ABSOLUTE
    DrvI2C_ftiic020.c                        0x00000000   Number         0  drvi2c_ftiic020.o ABSOLUTE
    DrvKBC010.c                              0x00000000   Number         0  drvkbc010.o ABSOLUTE
    DrvPWMTMR010.c                           0x00000000   Number         0  drvpwmtmr010.o ABSOLUTE
    DrvSSP010.c                              0x00000000   Number         0  drvssp010.o ABSOLUTE
    DrvSemaphore.c                           0x00000000   Number         0  drvsemaphore.o ABSOLUTE
    DrvUART010.c                             0x00000000   Number         0  drvuart010.o ABSOLUTE
    DrvWDT011.c                              0x00000000   Number         0  drvwdt011.o ABSOLUTE
    GPIO010_main.c                           0x00000000   Number         0  gpio010_main.o ABSOLUTE
    I2C_MultiSlave.c                         0x00000000   Number         0  i2c_multislave.o ABSOLUTE
    I2C_main.c                               0x00000000   Number         0  i2c_main.o ABSOLUTE
    I2S_main.c                               0x00000000   Number         0  i2s_main.o ABSOLUTE
    IP_test_main.c                           0x00000000   Number         0  ip_test_main.o ABSOLUTE
    KBC_main.c                               0x00000000   Number         0  kbc_main.o ABSOLUTE
    PWMTMR010_main.c                         0x00000000   Number         0  pwmtmr010_main.o ABSOLUTE
    PWMTMR_DMA_main.c                        0x00000000   Number         0  pwmtmr_dma_main.o ABSOLUTE
    RTE\Device\ARMCM33_DSP_FP\startup_ARMCM33.s 0x00000000   Number         0  startup_armcm33.o ABSOLUTE
    SEMAPHORE_main.c                         0x00000000   Number         0  semaphore_main.o ABSOLUTE
    SPI2AHB_main.c                           0x00000000   Number         0  spi2ahb_main.o ABSOLUTE
    SSP_SPI_main.c                           0x00000000   Number         0  ssp_spi_main.o ABSOLUTE
    UART_DMA_main.c                          0x00000000   Number         0  uart_dma_main.o ABSOLUTE
    WDT011_main.c                            0x00000000   Number         0  wdt011_main.o ABSOLUTE
    arm_common_tables.c                      0x00000000   Number         0  arm_common_tables.o ABSOLUTE
    arm_cos_f32.c                            0x00000000   Number         0  arm_cos_f32.o ABSOLUTE
    cdrcmple.s                               0x00000000   Number         0  cdrcmple.o ABSOLUTE
    clib_arm.c                               0x00000000   Number         0  clib_arm.o ABSOLUTE
    cmsis_os2.c                              0x00000000   Number         0  cmsis_os2.o ABSOLUTE
    croutine.c                               0x00000000   Number         0  croutine.o ABSOLUTE
    dc.s                                     0x00000000   Number         0  dc.o ABSOLUTE
    eFuse_main.c                             0x00000000   Number         0  efuse_main.o ABSOLUTE
    event_groups.c                           0x00000000   Number         0  event_groups.o ABSOLUTE
    fpu_itm.c                                0x00000000   Number         0  fpu_itm.o ABSOLUTE
    freertos_evr.c                           0x00000000   Number         0  freertos_evr.o ABSOLUTE
    ftssp010.c                               0x00000000   Number         0  ftssp010.o ABSOLUTE
    handlers.s                               0x00000000   Number         0  handlers.o ABSOLUTE
    heap_4.c                                 0x00000000   Number         0  heap_4.o ABSOLUTE
    init.s                                   0x00000000   Number         0  init.o ABSOLUTE
    list.c                                   0x00000000   Number         0  list.o ABSOLUTE
    main.c                                   0x00000000   Number         0  main.o ABSOLUTE
    memtest.c                                0x00000000   Number         0  memtest.o ABSOLUTE
    os_systick.c                             0x00000000   Number         0  os_systick.o ABSOLUTE
    port.c                                   0x00000000   Number         0  port.o ABSOLUTE
    portasm.c                                0x00000000   Number         0  portasm.o ABSOLUTE
    queue.c                                  0x00000000   Number         0  queue.o ABSOLUTE
    retarget_io.c                            0x00000000   Number         0  retarget_io.o ABSOLUTE
    system_ARMCM33.c                         0x00000000   Number         0  system_armcm33.o ABSOLUTE
    tasks.c                                  0x00000000   Number         0  tasks.o ABSOLUTE
    timers.c                                 0x00000000   Number         0  timers.o ABSOLUTE
    utility.c                                0x00000000   Number         0  utility.o ABSOLUTE
    wm8731.c                                 0x00000000   Number         0  wm8731.o ABSOLUTE
    RESET                                    0x00000000   Section     1984  startup_armcm33.o(RESET)
    .ARM.Collect$$$$00000000                 0x000007c0   Section        0  entry.o(.ARM.Collect$$$$00000000)
    .ARM.Collect$$$$00000001                 0x000007c0   Section        4  entry2.o(.ARM.Collect$$$$00000001)
    .ARM.Collect$$$$00000004                 0x000007c4   Section        4  entry5.o(.ARM.Collect$$$$00000004)
    .ARM.Collect$$$$00000008                 0x000007c8   Section        0  entry7b.o(.ARM.Collect$$$$00000008)
    .ARM.Collect$$$$0000000A                 0x000007c8   Section        0  entry8b.o(.ARM.Collect$$$$0000000A)
    .ARM.Collect$$$$0000000B                 0x000007c8   Section        8  entry9a.o(.ARM.Collect$$$$0000000B)
    __lit__00000000                          0x000007d0   Data           4  entry2.o(.ARM.Collect$$$$00002712)
    .ARM.Collect$$$$0000000D                 0x000007d0   Section        0  entry10a.o(.ARM.Collect$$$$0000000D)
    .ARM.Collect$$$$0000000F                 0x000007d0   Section        0  entry11a.o(.ARM.Collect$$$$0000000F)
    .ARM.Collect$$$$00002712                 0x000007d0   Section        4  entry2.o(.ARM.Collect$$$$00002712)
    $v0                                      0x000007d4   Number         0  startup_armcm33.o(.text)
    .text                                    0x000007d4   Section      188  startup_armcm33.o(.text)
    .text                                    0x00000890   Section        0  memseta.o(.text)
    .text                                    0x000008b4   Section        0  uidiv.o(.text)
    .text                                    0x000008e0   Section        0  uldiv.o(.text)
    .text                                    0x00000942   Section        0  iusefp.o(.text)
    .text                                    0x00000942   Section        0  dadd.o(.text)
    .text                                    0x00000a90   Section        0  dmul.o(.text)
    .text                                    0x00000b74   Section        0  ddiv.o(.text)
    .text                                    0x00000c52   Section        0  dfixul.o(.text)
    .text                                    0x00000c84   Section       48  cdrcmple.o(.text)
    .text                                    0x00000cb4   Section       36  init.o(.text)
    .text                                    0x00000cd8   Section        0  llshl.o(.text)
    .text                                    0x00000cf6   Section        0  llushr.o(.text)
    .text                                    0x00000d16   Section        0  llsshr.o(.text)
    .text                                    0x00000d3a   Section        0  depilogue.o(.text)
    [Anonymous Symbol]                       0x00000df4   Section        0  drvdmac020.o(.text.AHB_DMA_IRQHandler)
    [Anonymous Symbol]                       0x00000e68   Section        0  drvdmac020.o(.text.AHB_DMA_TC_IRQHandler)
    [Anonymous Symbol]                       0x00000ebc   Section        0  drvsemaphore.o(.text.CTI_Handler)
    [Anonymous Symbol]                       0x00000ed0   Section        0  drvuart010.o(.text.CheckTxStatus)
    [Anonymous Symbol]                       0x00000ef8   Section        0  gpio010_main.o(.text.GPIO010_IRQHandler)
    [Anonymous Symbol]                       0x00000f58   Section        0  drvuart010.o(.text.GetUartStatus)
    [Anonymous Symbol]                       0x00000f78   Section        0  drvuart010.o(.text.IsThrEmpty)
    [Anonymous Symbol]                       0x00000f9c   Section        0  pwmtmr010_main.o(.text.PWMTMR1_IRQHandler)
    [Anonymous Symbol]                       0x0000107c   Section        0  pwmtmr010_main.o(.text.PWMTMR2_IRQHandler)
    [Anonymous Symbol]                       0x00001118   Section        0  pwmtmr010_main.o(.text.PWMTMR3_IRQHandler)
    [Anonymous Symbol]                       0x000011b4   Section        0  pwmtmr010_main.o(.text.PWMTMR4_IRQHandler)
    [Anonymous Symbol]                       0x00001224   Section        0  pwmtmr010_main.o(.text.PWMTMR_1_1_IRQHandler)
    [Anonymous Symbol]                       0x000012c4   Section        0  pwmtmr010_main.o(.text.PWMTMR_1_2_IRQHandler)
    [Anonymous Symbol]                       0x00001360   Section        0  pwmtmr010_main.o(.text.PWMTMR_1_3_IRQHandler)
    [Anonymous Symbol]                       0x000013fc   Section        0  pwmtmr010_main.o(.text.PWMTMR_1_4_IRQHandler)
    [Anonymous Symbol]                       0x0000146c   Section        0  pwmtmr010_main.o(.text.PWMTMR_2_1_IRQHandler)
    [Anonymous Symbol]                       0x00001508   Section        0  pwmtmr010_main.o(.text.PWMTMR_2_2_IRQHandler)
    [Anonymous Symbol]                       0x000015a8   Section        0  pwmtmr010_main.o(.text.PWMTMR_2_3_IRQHandler)
    [Anonymous Symbol]                       0x00001644   Section        0  pwmtmr010_main.o(.text.PWMTMR_2_4_IRQHandler)
    [Anonymous Symbol]                       0x000016e0   Section        0  pwmtmr010_main.o(.text.PWMTMR_3_1_IRQHandler)
    [Anonymous Symbol]                       0x0000177c   Section        0  pwmtmr010_main.o(.text.PWMTMR_3_2_IRQHandler)
    [Anonymous Symbol]                       0x00001818   Section        0  pwmtmr010_main.o(.text.PWMTMR_3_3_IRQHandler)
    [Anonymous Symbol]                       0x000018b8   Section        0  pwmtmr010_main.o(.text.PWMTMR_3_4_IRQHandler)
    [Anonymous Symbol]                       0x00001928   Section        0  pwmtmr010_main.o(.text.PWMTMR_IRQHandler)
    [Anonymous Symbol]                       0x000019a0   Section        0  portasm.o(.text.PendSV_Handler)
    pxCurrentTCBConst                        0x000019f0   Number         0  portasm.o(.text.PendSV_Handler)
    xMAIR0Const                              0x000019f4   Number         0  portasm.o(.text.PendSV_Handler)
    xRNRConst                                0x000019f8   Number         0  portasm.o(.text.PendSV_Handler)
    xRBARConst                               0x000019fc   Number         0  portasm.o(.text.PendSV_Handler)
    [Anonymous Symbol]                       0x00001a00   Section        0  portasm.o(.text.SVC_Handler)
    svchandler_address_const                 0x00001a20   Number         0  portasm.o(.text.SVC_Handler)
    [Anonymous Symbol]                       0x00001a24   Section        0  drvsemaphore.o(.text.Semaphore_Handler)
    [Anonymous Symbol]                       0x00001ab4   Section        0  cmsis_os2.o(.text.SysTick_Handler)
    [Anonymous Symbol]                       0x00001ad8   Section        0  system_armcm33.o(.text.SystemCoreClockUpdate)
    [Anonymous Symbol]                       0x00001aec   Section        0  system_armcm33.o(.text.SystemInit)
    __NVIC_EnableIRQ                         0x00001b25   Thumb Code    52  main.o(.text.__NVIC_EnableIRQ)
    [Anonymous Symbol]                       0x00001b24   Section        0  main.o(.text.__NVIC_EnableIRQ)
    __NVIC_EnableIRQ                         0x00001b59   Thumb Code    52  drvdmac020.o(.text.__NVIC_EnableIRQ)
    [Anonymous Symbol]                       0x00001b58   Section        0  drvdmac020.o(.text.__NVIC_EnableIRQ)
    [Anonymous Symbol]                       0x00001b8c   Section        0  main.o(.text.delay)
    [Anonymous Symbol]                       0x00001bb4   Section        0  drvdmac020.o(.text.fLib_ClearDMAChannelIntStatus)
    [Anonymous Symbol]                       0x00001bdc   Section        0  drvgpio010.o(.text.fLib_ClearGpioInt)
    [Anonymous Symbol]                       0x00001bec   Section        0  drvdmac020.o(.text.fLib_DMA_CHDataCtrl)
    [Anonymous Symbol]                       0x00001c2c   Section        0  drvdmac020.o(.text.fLib_DMA_CHIntMask)
    [Anonymous Symbol]                       0x00001c4c   Section        0  drvdmac020.o(.text.fLib_DMA_CHLinkList)
    [Anonymous Symbol]                       0x00001c6c   Section        0  drvdmac020.o(.text.fLib_DMA_ClearAllInterrupt)
    [Anonymous Symbol]                       0x00001c84   Section        0  drvdmac020.o(.text.fLib_DMA_EnableDMAInt)
    [Anonymous Symbol]                       0x00001c9c   Section        0  drvdmac020.o(.text.fLib_DMA_LinkMode)
    [Anonymous Symbol]                       0x000021a0   Section        0  drvdmac020.o(.text.fLib_DMA_NormalMode)
    [Anonymous Symbol]                       0x0000224c   Section        0  drvdmac020.o(.text.fLib_EnableDMAChannel)
    [Anonymous Symbol]                       0x00002280   Section        0  drvgpio010.o(.text.fLib_GetGpioIntMaskStatus)
    [Anonymous Symbol]                       0x0000228c   Section        0  drvgpio010.o(.text.fLib_Gpio_ReadData)
    [Anonymous Symbol]                       0x00002298   Section        0  drvgpio010.o(.text.fLib_Gpio_WriteData)
    [Anonymous Symbol]                       0x000022a8   Section        0  drvdmac020.o(.text.fLib_InitDMA)
    [Anonymous Symbol]                       0x000022e4   Section        0  drvdmac020.o(.text.fLib_SetDMAChannelCfg)
    [Anonymous Symbol]                       0x00002304   Section        0  drvgpio010.o(.text.fLib_SetGpioDir)
    [Anonymous Symbol]                       0x00002348   Section        0  drvpwmtmr010.o(.text.fLib_Timer_IntClear)
    [Anonymous Symbol]                       0x000023c4   Section        0  drvwdt011.o(.text.fLib_WatchDog_ClearOverflowStatus)
    [Anonymous Symbol]                       0x000023f4   Section        0  drvwdt011.o(.text.fLib_WatchDog_ClearUnderflowStatus)
    [Anonymous Symbol]                       0x00002424   Section        0  drvwdt011.o(.text.fLib_WatchDog_GetGlobalIntrStatus)
    [Anonymous Symbol]                       0x00002440   Section        0  drvuart010.o(.text.fLib_printf)
    [Anonymous Symbol]                       0x0000248c   Section        0  drvuart010.o(.text.fLib_putchar)
    [Anonymous Symbol]                       0x000024f4   Section        0  drvkbc010.o(.text.ffs)
    [Anonymous Symbol]                       0x00002544   Section        0  drvkbc010.o(.text.ftkbc010_interrupt)
    [Anonymous Symbol]                       0x00002624   Section        0  ftssp010.o(.text.ftssp010_spi_slave_dma_read)
    [Anonymous Symbol]                       0x000026ac   Section        0  wdt011_main.o(.text.ftwdt011_3_interrupt)
    [Anonymous Symbol]                       0x0000279c   Section        0  wdt011_main.o(.text.ftwdt011_interrupt)
    [Anonymous Symbol]                       0x0000288c   Section        0  main.o(.text.main)
    prvResetNextTaskUnblockTime              0x00002931   Thumb Code    72  tasks.o(.text.prvResetNextTaskUnblockTime)
    [Anonymous Symbol]                       0x00002930   Section        0  tasks.o(.text.prvResetNextTaskUnblockTime)
    prvSetupFPU                              0x00002979   Thumb Code    34  port.o(.text.prvSetupFPU)
    [Anonymous Symbol]                       0x00002978   Section        0  port.o(.text.prvSetupFPU)
    [Anonymous Symbol]                       0x0000299c   Section        0  portasm.o(.text.ulSetInterruptMaskFromISR)
    [Anonymous Symbol]                       0x000029a4   Section        0  list.o(.text.uxListRemove)
    [Anonymous Symbol]                       0x000029ec   Section        0  cmsis_os2.o(.text.vApplicationStackOverflowHook)
    [Anonymous Symbol]                       0x000029f8   Section        0  portasm.o(.text.vClearInterruptMaskFromISR)
    [Anonymous Symbol]                       0x00002a00   Section        0  list.o(.text.vListInsertEnd)
    [Anonymous Symbol]                       0x00002a3c   Section        0  port.o(.text.vPortSVCHandler_C)
    [Anonymous Symbol]                       0x00002a70   Section        0  portasm.o(.text.vRestoreContextOfFirstTask)
    pxCurrentTCBConst2                       0x00002a90   Number         0  portasm.o(.text.vRestoreContextOfFirstTask)
    [Anonymous Symbol]                       0x00002a94   Section        0  tasks.o(.text.vTaskSwitchContext)
    [Anonymous Symbol]                       0x00002ba4   Section        0  port.o(.text.xPortSysTickHandler)
    [Anonymous Symbol]                       0x00002bd4   Section        0  tasks.o(.text.xTaskGetSchedulerState)
    [Anonymous Symbol]                       0x00002c10   Section        0  tasks.o(.text.xTaskIncrementTick)
    i.__0vsprintf                            0x00002dbc   Section        0  printfa.o(i.__0vsprintf)
    i.__scatterload_copy                     0x00002de0   Section       14  handlers.o(i.__scatterload_copy)
    i.__scatterload_null                     0x00002dee   Section        2  handlers.o(i.__scatterload_null)
    i.__scatterload_zeroinit                 0x00002df0   Section       14  handlers.o(i.__scatterload_zeroinit)
    _fp_digits                               0x00002e01   Thumb Code   366  printfa.o(i._fp_digits)
    i._fp_digits                             0x00002e00   Section        0  printfa.o(i._fp_digits)
    _printf_core                             0x00002f85   Thumb Code  1744  printfa.o(i._printf_core)
    i._printf_core                           0x00002f84   Section        0  printfa.o(i._printf_core)
    _printf_post_padding                     0x00003661   Thumb Code    36  printfa.o(i._printf_post_padding)
    i._printf_post_padding                   0x00003660   Section        0  printfa.o(i._printf_post_padding)
    _printf_pre_padding                      0x00003685   Thumb Code    46  printfa.o(i._printf_pre_padding)
    i._printf_pre_padding                    0x00003684   Section        0  printfa.o(i._printf_pre_padding)
    _sputc                                   0x000036b3   Thumb Code    10  printfa.o(i._sputc)
    i._sputc                                 0x000036b2   Section        0  printfa.o(i._sputc)
    .L.str                                   0x000036bc   Data           4  main.o(.rodata.str1.1)
    .L.str.1                                 0x000036bc   Data           4  main.o(.rodata.str1.1)
    [Anonymous Symbol]                       0x000036bc   Section        0  main.o(.rodata.str1.1)
    .L.str.1                                 0x000036c0   Data           9  main.o(.rodata.str1.1)
    .L.str                                   0x000036c9   Data          34  pwmtmr010_main.o(.rodata.str1.1)
    .L.str.20                                0x000036c9   Data          23  pwmtmr010_main.o(.rodata.str1.1)
    [Anonymous Symbol]                       0x000036c9   Section        0  pwmtmr010_main.o(.rodata.str1.1)
    .L.str.23                                0x000036e0   Data          23  pwmtmr010_main.o(.rodata.str1.1)
    .L.str.1                                 0x000036eb   Data           2  pwmtmr010_main.o(.rodata.str1.1)
    .L.str.2                                 0x000036ed   Data          34  pwmtmr010_main.o(.rodata.str1.1)
    .L.str.27                                0x000036f7   Data          23  pwmtmr010_main.o(.rodata.str1.1)
    .L.str.17                                0x000036f9   Data          21  pwmtmr010_main.o(.rodata.str1.1)
    .L.str.21                                0x0000370e   Data          23  pwmtmr010_main.o(.rodata.str1.1)
    .L.str.3                                 0x0000370f   Data          40  pwmtmr010_main.o(.rodata.str1.1)
    .L.str.24                                0x00003725   Data          23  pwmtmr010_main.o(.rodata.str1.1)
    .L.str.4                                 0x00003737   Data          19  pwmtmr010_main.o(.rodata.str1.1)
    .L.str.28                                0x0000373c   Data          23  pwmtmr010_main.o(.rodata.str1.1)
    .L.str.18                                0x0000373e   Data          21  pwmtmr010_main.o(.rodata.str1.1)
    .L.str.5                                 0x0000374a   Data          21  pwmtmr010_main.o(.rodata.str1.1)
    .L.str.22                                0x00003753   Data          23  pwmtmr010_main.o(.rodata.str1.1)
    .L.str.6                                 0x0000375f   Data           5  pwmtmr010_main.o(.rodata.str1.1)
    .L.str.7                                 0x00003764   Data          29  pwmtmr010_main.o(.rodata.str1.1)
    .L.str.25                                0x0000376a   Data          23  pwmtmr010_main.o(.rodata.str1.1)
    .L.str.29                                0x00003781   Data          23  pwmtmr010_main.o(.rodata.str1.1)
    .L.str.8                                 0x00003781   Data          24  pwmtmr010_main.o(.rodata.str1.1)
    .L.str.19                                0x00003783   Data          21  pwmtmr010_main.o(.rodata.str1.1)
    .L.str.26                                0x00003798   Data          23  pwmtmr010_main.o(.rodata.str1.1)
    .L.str.9                                 0x00003799   Data          54  pwmtmr010_main.o(.rodata.str1.1)
    .L.str                                   0x000037af   Data          29  gpio010_main.o(.rodata.str1.1)
    [Anonymous Symbol]                       0x000037af   Section        0  gpio010_main.o(.rodata.str1.1)
    .L.str.3                                 0x000037cc   Data          72  wdt011_main.o(.rodata.str1.1)
    [Anonymous Symbol]                       0x000037cc   Section        0  wdt011_main.o(.rodata.str1.1)
    .L.str.1                                 0x000037ce   Data           6  gpio010_main.o(.rodata.str1.1)
    .L.str.10                                0x000037cf   Data          40  pwmtmr010_main.o(.rodata.str1.1)
    .L.str.2                                 0x000037d4   Data           2  gpio010_main.o(.rodata.str1.1)
    .L.str.3                                 0x000037d6   Data          43  gpio010_main.o(.rodata.str1.1)
    .L.str.11                                0x000037f7   Data          66  pwmtmr010_main.o(.rodata.str1.1)
    .L.str.4                                 0x00003801   Data          43  gpio010_main.o(.rodata.str1.1)
    .L.str.1                                 0x00003814   Data          15  wdt011_main.o(.rodata.str1.1)
    .L.str.2                                 0x00003823   Data          14  wdt011_main.o(.rodata.str1.1)
    .L.str.5                                 0x0000382c   Data          43  gpio010_main.o(.rodata.str1.1)
    .L.str                                   0x00003831   Data          24  wdt011_main.o(.rodata.str1.1)
    .L.str.12                                0x00003839   Data          20  pwmtmr010_main.o(.rodata.str1.1)
    .L.str                                   0x00003849   Data          17  drvsemaphore.o(.rodata.str1.1)
    .L.str.4                                 0x00003849   Data          15  wdt011_main.o(.rodata.str1.1)
    [Anonymous Symbol]                       0x00003849   Section        0  drvsemaphore.o(.rodata.str1.1)
    .L.str.13                                0x0000384d   Data          13  pwmtmr010_main.o(.rodata.str1.1)
    .L.str.6                                 0x00003857   Data          43  gpio010_main.o(.rodata.str1.1)
    .L__func__.WatchDogOverflowSysIntTest    0x00003858   Data          27  wdt011_main.o(.rodata.str1.1)
    .L.str.14                                0x0000385a   Data          53  pwmtmr010_main.o(.rodata.str1.1)
    .L.str.2                                 0x0000385a   Data          11  drvdmac020.o(.rodata.str1.1)
    [Anonymous Symbol]                       0x0000385a   Section        0  drvdmac020.o(.rodata.str1.1)
    .L.str.5                                 0x00003865   Data           8  drvdmac020.o(.rodata.str1.1)
    .L.str.3                                 0x0000386d   Data          30  drvdmac020.o(.rodata.str1.1)
    .L.str.5                                 0x00003873   Data          33  wdt011_main.o(.rodata.str1.1)
    .L.str.7                                 0x00003882   Data          43  gpio010_main.o(.rodata.str1.1)
    .L.str.4                                 0x0000388b   Data          52  drvdmac020.o(.rodata.str1.1)
    .L.str.15                                0x0000388f   Data          53  pwmtmr010_main.o(.rodata.str1.1)
    .L.str.6                                 0x00003894   Data          13  wdt011_main.o(.rodata.str1.1)
    .L.str.7                                 0x000038a1   Data          13  wdt011_main.o(.rodata.str1.1)
    .L.str.8                                 0x000038ad   Data          45  gpio010_main.o(.rodata.str1.1)
    .L.str.8                                 0x000038ae   Data          13  wdt011_main.o(.rodata.str1.1)
    .L__func__.WatchDogUnderflowSysIntTest   0x000038bb   Data          28  wdt011_main.o(.rodata.str1.1)
    .L.str                                   0x000038bf   Data           7  drvdmac020.o(.rodata.str1.1)
    .L.str.16                                0x000038c4   Data          17  pwmtmr010_main.o(.rodata.str1.1)
    .L__func__.AHB_DMA_IRQHandler            0x000038c6   Data          19  drvdmac020.o(.rodata.str1.1)
    .L.str.9                                 0x000038d7   Data          12  wdt011_main.o(.rodata.str1.1)
    .L__func__.AHB_DMA_TC_IRQHandler         0x000038d9   Data          22  drvdmac020.o(.rodata.str1.1)
    .L.str.9                                 0x000038da   Data           3  gpio010_main.o(.rodata.str1.1)
    .L.str.10                                0x000038dd   Data          22  gpio010_main.o(.rodata.str1.1)
    .L.str.10                                0x000038e3   Data          20  wdt011_main.o(.rodata.str1.1)
    .L.str                                   0x000038ef   Data          27  drvkbc010.o(.rodata.str1.1)
    [Anonymous Symbol]                       0x000038ef   Section        0  drvkbc010.o(.rodata.str1.1)
    .L.str.11                                0x000038f3   Data          43  gpio010_main.o(.rodata.str1.1)
    .L.str.11                                0x000038f7   Data          34  wdt011_main.o(.rodata.str1.1)
    .L.str.1                                 0x0000390a   Data          28  drvkbc010.o(.rodata.str1.1)
    .L.str.12                                0x00003919   Data           9  wdt011_main.o(.rodata.str1.1)
    .L.str.12                                0x0000391e   Data          43  gpio010_main.o(.rodata.str1.1)
    .L__func__.WatchDogOverflowSysRstTest    0x00003922   Data          27  wdt011_main.o(.rodata.str1.1)
    .L.str.2                                 0x00003926   Data          14  drvkbc010.o(.rodata.str1.1)
    .L.str.3                                 0x00003934   Data          14  drvkbc010.o(.rodata.str1.1)
    .L.str.13                                0x0000393d   Data          34  wdt011_main.o(.rodata.str1.1)
    .L.str.13                                0x00003949   Data          43  gpio010_main.o(.rodata.str1.1)
    .L.str.14                                0x0000395f   Data          19  wdt011_main.o(.rodata.str1.1)
    .L.str.15                                0x00003972   Data           2  wdt011_main.o(.rodata.str1.1)
    .L.str.14                                0x00003974   Data          33  gpio010_main.o(.rodata.str1.1)
    .L.str.16                                0x00003974   Data          86  wdt011_main.o(.rodata.str1.1)
    .L.str.15                                0x00003995   Data          43  gpio010_main.o(.rodata.str1.1)
    .L.str.16                                0x000039c0   Data          43  gpio010_main.o(.rodata.str1.1)
    .L__func__.WatchDogUnderflowSysRstTest   0x000039ca   Data          28  wdt011_main.o(.rodata.str1.1)
    .L__func__.WatchDogAllKickedTest         0x000039e6   Data          22  wdt011_main.o(.rodata.str1.1)
    .L.str.17                                0x000039eb   Data          43  gpio010_main.o(.rodata.str1.1)
    .L.str.17                                0x000039fc   Data          20  wdt011_main.o(.rodata.str1.1)
    .L.str.18                                0x00003a10   Data          18  wdt011_main.o(.rodata.str1.1)
    .L.str.18                                0x00003a16   Data          52  gpio010_main.o(.rodata.str1.1)
    .L.str.19                                0x00003a22   Data           8  wdt011_main.o(.rodata.str1.1)
    .L.str.20                                0x00003a2a   Data           8  wdt011_main.o(.rodata.str1.1)
    .L__func__.WatchDogAllFiredTest          0x00003a32   Data          21  wdt011_main.o(.rodata.str1.1)
    .L.str.21                                0x00003a47   Data          10  wdt011_main.o(.rodata.str1.1)
    .L.str.19                                0x00003a4a   Data          52  gpio010_main.o(.rodata.str1.1)
    .L.str.22                                0x00003a51   Data          35  wdt011_main.o(.rodata.str1.1)
    .L.str.23                                0x00003a74   Data          20  wdt011_main.o(.rodata.str1.1)
    .L.str.20                                0x00003a7e   Data          52  gpio010_main.o(.rodata.str1.1)
    .L.str.24                                0x00003a88   Data          20  wdt011_main.o(.rodata.str1.1)
    .L.str.25                                0x00003a9c   Data           3  wdt011_main.o(.rodata.str1.1)
    .L.str.26                                0x00003a9f   Data          12  wdt011_main.o(.rodata.str1.1)
    .L.str.27                                0x00003aab   Data          47  wdt011_main.o(.rodata.str1.1)
    .L.str.21                                0x00003ab2   Data          52  gpio010_main.o(.rodata.str1.1)
    .L.str.28                                0x00003ada   Data          22  wdt011_main.o(.rodata.str1.1)
    .L.str.22                                0x00003ae6   Data          52  gpio010_main.o(.rodata.str1.1)
    .L.str.29                                0x00003af0   Data          20  wdt011_main.o(.rodata.str1.1)
    .L.str.30                                0x00003b04   Data          25  wdt011_main.o(.rodata.str1.1)
    .L.str.23                                0x00003b1a   Data          52  gpio010_main.o(.rodata.str1.1)
    .L.str.31                                0x00003b1d   Data          26  wdt011_main.o(.rodata.str1.1)
    .L.str.32                                0x00003b37   Data          24  wdt011_main.o(.rodata.str1.1)
    .L.str.24                                0x00003b4e   Data          52  gpio010_main.o(.rodata.str1.1)
    .L.str.33                                0x00003b4f   Data          30  wdt011_main.o(.rodata.str1.1)
    .L.str.34                                0x00003b6d   Data          21  wdt011_main.o(.rodata.str1.1)
    .L.str.25                                0x00003b82   Data          34  gpio010_main.o(.rodata.str1.1)
    .L.str.35                                0x00003b82   Data          43  wdt011_main.o(.rodata.str1.1)
    .L.str.26                                0x00003ba4   Data          58  gpio010_main.o(.rodata.str1.1)
    .L.str.36                                0x00003bad   Data          44  wdt011_main.o(.rodata.str1.1)
    .L.str.37                                0x00003bd9   Data          39  wdt011_main.o(.rodata.str1.1)
    .L.str.27                                0x00003bde   Data          25  gpio010_main.o(.rodata.str1.1)
    .L.str.28                                0x00003bf7   Data          78  gpio010_main.o(.rodata.str1.1)
    .L.str.38                                0x00003c00   Data          40  wdt011_main.o(.rodata.str1.1)
    .L.str.39                                0x00003c28   Data          16  wdt011_main.o(.rodata.str1.1)
    .L.str.40                                0x00003c38   Data          27  wdt011_main.o(.rodata.str1.1)
    .L.str.29                                0x00003c45   Data          16  gpio010_main.o(.rodata.str1.1)
    .L.str.41                                0x00003c53   Data           3  wdt011_main.o(.rodata.str1.1)
    .L.str.30                                0x00003c55   Data          26  gpio010_main.o(.rodata.str1.1)
    .L.str.42                                0x00003c56   Data          45  wdt011_main.o(.rodata.str1.1)
    .L.str.43                                0x00003c83   Data          45  wdt011_main.o(.rodata.str1.1)
    DMA_INT_OCCURRED                         0x00010058   Data           4  drvdmac020.o(.bss.DMA_INT_OCCURRED)
    [Anonymous Symbol]                       0x00010058   Section        0  drvdmac020.o(.bss.DMA_INT_OCCURRED)
    DMA_TC_INT_OCCURRED                      0x0001005c   Data           4  drvdmac020.o(.bss.DMA_TC_INT_OCCURRED)
    [Anonymous Symbol]                       0x0001005c   Section        0  drvdmac020.o(.bss.DMA_TC_INT_OCCURRED)
    pxDelayedTaskList                        0x00010088   Data           4  tasks.o(.bss.pxDelayedTaskList)
    [Anonymous Symbol]                       0x00010088   Section        0  tasks.o(.bss.pxDelayedTaskList)
    pxOverflowDelayedTaskList                0x0001008c   Data           4  tasks.o(.bss.pxOverflowDelayedTaskList)
    [Anonymous Symbol]                       0x0001008c   Section        0  tasks.o(.bss.pxOverflowDelayedTaskList)
    pxReadyTasksLists                        0x00010090   Data        1120  tasks.o(.bss.pxReadyTasksLists)
    [Anonymous Symbol]                       0x00010090   Section        0  tasks.o(.bss.pxReadyTasksLists)
    uxPendedTicks                            0x000104f4   Data           4  tasks.o(.bss.uxPendedTicks)
    [Anonymous Symbol]                       0x000104f4   Section        0  tasks.o(.bss.uxPendedTicks)
    uxSchedulerSuspended                     0x000104f8   Data           4  tasks.o(.bss.uxSchedulerSuspended)
    [Anonymous Symbol]                       0x000104f8   Section        0  tasks.o(.bss.uxSchedulerSuspended)
    uxTopReadyPriority                       0x000104fc   Data           4  tasks.o(.bss.uxTopReadyPriority)
    [Anonymous Symbol]                       0x000104fc   Section        0  tasks.o(.bss.uxTopReadyPriority)
    xNextTaskUnblockTime                     0x00010500   Data           4  tasks.o(.bss.xNextTaskUnblockTime)
    [Anonymous Symbol]                       0x00010500   Section        0  tasks.o(.bss.xNextTaskUnblockTime)
    xNumOfOverflows                          0x00010504   Data           4  tasks.o(.bss.xNumOfOverflows)
    [Anonymous Symbol]                       0x00010504   Section        0  tasks.o(.bss.xNumOfOverflows)
    xSchedulerRunning                        0x00010508   Data           4  tasks.o(.bss.xSchedulerRunning)
    [Anonymous Symbol]                       0x00010508   Section        0  tasks.o(.bss.xSchedulerRunning)
    xTickCount                               0x0001050c   Data           4  tasks.o(.bss.xTickCount)
    [Anonymous Symbol]                       0x0001050c   Section        0  tasks.o(.bss.xTickCount)
    xYieldPending                            0x00010510   Data           4  tasks.o(.bss.xYieldPending)
    [Anonymous Symbol]                       0x00010510   Section        0  tasks.o(.bss.xYieldPending)
    STACK                                    0x00010518   Section     4096  startup_armcm33.o(STACK)

    Global Symbols

    Symbol Name                              Value     Ov Type        Size  Object(Section)

    BuildAttributes$$THM_ISAv4$E$P$D$K$B$S$7EM$8M$VFPi5$EXTD16$VFPS$VFMA$PE$A:L22UL41UL21$X:L11$S22US41US21$IEEE1$IW$~IW$USESV6$~STKCKD$USESV7$~SHL$OTIME$ROPI$EBA8$MICROLIB$REQ8$PRES8$EABIv2 0x00000000   Number         0  anon$$obj.o ABSOLUTE
    __Vectors                                0x00000000   Data           4  startup_armcm33.o(RESET)
    __cpp_initialize__aeabi_                  - Undefined Weak Reference
    __cxa_finalize                            - Undefined Weak Reference
    __decompress                              - Undefined Weak Reference
    _clock_init                               - Undefined Weak Reference
    _microlib_exit                            - Undefined Weak Reference
    __Vectors_End                            0x000007c0   Data           0  startup_armcm33.o(RESET)
    __Vectors_Size                           0x000007c0   Number         0  startup_armcm33.o ABSOLUTE
    __main                                   0x000007c1   Thumb Code     0  entry.o(.ARM.Collect$$$$00000000)
    _main_stk                                0x000007c1   Thumb Code     0  entry2.o(.ARM.Collect$$$$00000001)
    _main_scatterload                        0x000007c5   Thumb Code     0  entry5.o(.ARM.Collect$$$$00000004)
    __main_after_scatterload                 0x000007c9   Thumb Code     0  entry5.o(.ARM.Collect$$$$00000004)
    _main_clock                              0x000007c9   Thumb Code     0  entry7b.o(.ARM.Collect$$$$00000008)
    _main_cpp_init                           0x000007c9   Thumb Code     0  entry8b.o(.ARM.Collect$$$$0000000A)
    _main_init                               0x000007c9   Thumb Code     0  entry9a.o(.ARM.Collect$$$$0000000B)
    __rt_final_cpp                           0x000007d1   Thumb Code     0  entry10a.o(.ARM.Collect$$$$0000000D)
    __rt_final_exit                          0x000007d1   Thumb Code     0  entry11a.o(.ARM.Collect$$$$0000000F)
    Reset_Handler                            0x000007d5   Thumb Code    14  startup_armcm33.o(.text)
    NMI_Handler                              0x000007e3   Thumb Code     2  startup_armcm33.o(.text)
    HardFault_Handler                        0x000007e5   Thumb Code     2  startup_armcm33.o(.text)
    MemManage_Handler                        0x000007e7   Thumb Code     2  startup_armcm33.o(.text)
    BusFault_Handler                         0x000007e9   Thumb Code     2  startup_armcm33.o(.text)
    UsageFault_Handler                       0x000007eb   Thumb Code     2  startup_armcm33.o(.text)
    SecureFault_Handler                      0x000007ed   Thumb Code     2  startup_armcm33.o(.text)
    DebugMon_Handler                         0x000007f1   Thumb Code     2  startup_armcm33.o(.text)
    Interrupt1_Handler                       0x000007f9   Thumb Code     2  startup_armcm33.o(.text)
    Interrupt4_Handler                       0x000007ff   Thumb Code     2  startup_armcm33.o(.text)
    Interrupt5_Handler                       0x00000801   Thumb Code     2  startup_armcm33.o(.text)
    Interrupt6_Handler                       0x00000803   Thumb Code     2  startup_armcm33.o(.text)
    Interrupt7_Handler                       0x00000805   Thumb Code     2  startup_armcm33.o(.text)
    Interrupt8_Handler                       0x00000807   Thumb Code     2  startup_armcm33.o(.text)
    Interrupt9_Handler                       0x00000809   Thumb Code     2  startup_armcm33.o(.text)
    Interrupt10_Handler                      0x0000080b   Thumb Code     2  startup_armcm33.o(.text)
    Interrupt11_Handler                      0x0000080d   Thumb Code     2  startup_armcm33.o(.text)
    Interrupt12_Handler                      0x0000080f   Thumb Code     2  startup_armcm33.o(.text)
    PWMTMR_1_IRQHandler                      0x0000081b   Thumb Code     2  startup_armcm33.o(.text)
    PWMTMR_2_IRQHandler                      0x00000825   Thumb Code     2  startup_armcm33.o(.text)
    PWMTMR_3_IRQHandler                      0x0000082f   Thumb Code     2  startup_armcm33.o(.text)
    IIC0_IRQHandler                          0x00000839   Thumb Code     2  startup_armcm33.o(.text)
    Interrupt34_Handler                      0x0000083b   Thumb Code     2  startup_armcm33.o(.text)
    Interrupt35_Handler                      0x0000083d   Thumb Code     2  startup_armcm33.o(.text)
    Interrupt36_Handler                      0x0000083f   Thumb Code     2  startup_armcm33.o(.text)
    Interrupt37_Handler                      0x00000841   Thumb Code     2  startup_armcm33.o(.text)
    UART0_IRQHandler                         0x00000843   Thumb Code     2  startup_armcm33.o(.text)
    Interrupt39_Handler                      0x00000845   Thumb Code     2  startup_armcm33.o(.text)
    Interrupt40_Handler                      0x00000847   Thumb Code     2  startup_armcm33.o(.text)
    Interrupt41_Handler                      0x00000849   Thumb Code     2  startup_armcm33.o(.text)
    Interrupt42_Handler                      0x0000084b   Thumb Code     2  startup_armcm33.o(.text)
    Interrupt43_Handler                      0x0000084d   Thumb Code     2  startup_armcm33.o(.text)
    Interrupt44_Handler                      0x0000084f   Thumb Code     2  startup_armcm33.o(.text)
    Interrupt45_Handler                      0x00000851   Thumb Code     2  startup_armcm33.o(.text)
    Interrupt46_Handler                      0x00000853   Thumb Code     2  startup_armcm33.o(.text)
    Interrupt47_Handler                      0x00000855   Thumb Code     2  startup_armcm33.o(.text)
    Interrupt48_Handler                      0x00000857   Thumb Code     2  startup_armcm33.o(.text)
    Interrupt49_Handler                      0x00000859   Thumb Code     2  startup_armcm33.o(.text)
    Interrupt50_Handler                      0x0000085b   Thumb Code     2  startup_armcm33.o(.text)
    Interrupt51_Handler                      0x0000085d   Thumb Code     2  startup_armcm33.o(.text)
    Interrupt52_Handler                      0x0000085f   Thumb Code     2  startup_armcm33.o(.text)
    Interrupt53_Handler                      0x00000861   Thumb Code     2  startup_armcm33.o(.text)
    Interrupt54_Handler                      0x00000863   Thumb Code     2  startup_armcm33.o(.text)
    Interrupt55_Handler                      0x00000865   Thumb Code     2  startup_armcm33.o(.text)
    Interrupt56_Handler                      0x00000867   Thumb Code     2  startup_armcm33.o(.text)
    Interrupt57_Handler                      0x00000869   Thumb Code     2  startup_armcm33.o(.text)
    CAN010_0_interrupt                       0x0000086b   Thumb Code     2  startup_armcm33.o(.text)
    CAN010_1_interrupt                       0x0000086d   Thumb Code     2  startup_armcm33.o(.text)
    Interrupt61_Handler                      0x00000871   Thumb Code     2  startup_armcm33.o(.text)
    Interrupt62_Handler                      0x00000873   Thumb Code     2  startup_armcm33.o(.text)
    Interrupt63_Handler                      0x00000875   Thumb Code     2  startup_armcm33.o(.text)
    Interrupt64_Handler                      0x00000877   Thumb Code     2  startup_armcm33.o(.text)
    Interrupt65_Handler                      0x00000879   Thumb Code     2  startup_armcm33.o(.text)
    Interrupt68_Handler                      0x0000087f   Thumb Code     2  startup_armcm33.o(.text)
    __aeabi_memset                           0x00000891   Thumb Code    14  memseta.o(.text)
    __aeabi_memset4                          0x00000891   Thumb Code     0  memseta.o(.text)
    __aeabi_memset8                          0x00000891   Thumb Code     0  memseta.o(.text)
    __aeabi_memclr                           0x0000089f   Thumb Code     4  memseta.o(.text)
    __aeabi_memclr4                          0x0000089f   Thumb Code     0  memseta.o(.text)
    __aeabi_memclr8                          0x0000089f   Thumb Code     0  memseta.o(.text)
    _memset$wrapper                          0x000008a3   Thumb Code    18  memseta.o(.text)
    __aeabi_uidiv                            0x000008b5   Thumb Code     0  uidiv.o(.text)
    __aeabi_uidivmod                         0x000008b5   Thumb Code    44  uidiv.o(.text)
    __aeabi_uldivmod                         0x000008e1   Thumb Code    98  uldiv.o(.text)
    __I$use$fp                               0x00000943   Thumb Code     0  iusefp.o(.text)
    __aeabi_dadd                             0x00000943   Thumb Code   322  dadd.o(.text)
    __aeabi_dsub                             0x00000a85   Thumb Code     6  dadd.o(.text)
    __aeabi_drsub                            0x00000a8b   Thumb Code     6  dadd.o(.text)
    __aeabi_dmul                             0x00000a91   Thumb Code   228  dmul.o(.text)
    __aeabi_ddiv                             0x00000b75   Thumb Code   222  ddiv.o(.text)
    __aeabi_d2ulz                            0x00000c53   Thumb Code    48  dfixul.o(.text)
    __aeabi_cdrcmple                         0x00000c85   Thumb Code    48  cdrcmple.o(.text)
    __scatterload                            0x00000cb5   Thumb Code    28  init.o(.text)
    __scatterload_rt2                        0x00000cb5   Thumb Code     0  init.o(.text)
    __aeabi_llsl                             0x00000cd9   Thumb Code    30  llshl.o(.text)
    _ll_shift_l                              0x00000cd9   Thumb Code     0  llshl.o(.text)
    __aeabi_llsr                             0x00000cf7   Thumb Code    32  llushr.o(.text)
    _ll_ushift_r                             0x00000cf7   Thumb Code     0  llushr.o(.text)
    __aeabi_lasr                             0x00000d17   Thumb Code    36  llsshr.o(.text)
    _ll_sshift_r                             0x00000d17   Thumb Code     0  llsshr.o(.text)
    _double_round                            0x00000d3b   Thumb Code    30  depilogue.o(.text)
    _double_epilogue                         0x00000d59   Thumb Code   156  depilogue.o(.text)
    AHB_DMA_IRQHandler                       0x00000df5   Thumb Code   114  drvdmac020.o(.text.AHB_DMA_IRQHandler)
    AHB_DMA_TC_IRQHandler                    0x00000e69   Thumb Code    82  drvdmac020.o(.text.AHB_DMA_TC_IRQHandler)
    CTI_Handler                              0x00000ebd   Thumb Code    20  drvsemaphore.o(.text.CTI_Handler)
    CheckTxStatus                            0x00000ed1   Thumb Code    40  drvuart010.o(.text.CheckTxStatus)
    GPIO010_IRQHandler                       0x00000ef9   Thumb Code    94  gpio010_main.o(.text.GPIO010_IRQHandler)
    GetUartStatus                            0x00000f59   Thumb Code    30  drvuart010.o(.text.GetUartStatus)
    IsThrEmpty                               0x00000f79   Thumb Code    34  drvuart010.o(.text.IsThrEmpty)
    PWMTMR1_IRQHandler                       0x00000f9d   Thumb Code   222  pwmtmr010_main.o(.text.PWMTMR1_IRQHandler)
    PWMTMR2_IRQHandler                       0x0000107d   Thumb Code   154  pwmtmr010_main.o(.text.PWMTMR2_IRQHandler)
    PWMTMR3_IRQHandler                       0x00001119   Thumb Code   154  pwmtmr010_main.o(.text.PWMTMR3_IRQHandler)
    PWMTMR4_IRQHandler                       0x000011b5   Thumb Code   112  pwmtmr010_main.o(.text.PWMTMR4_IRQHandler)
    PWMTMR_1_1_IRQHandler                    0x00001225   Thumb Code   160  pwmtmr010_main.o(.text.PWMTMR_1_1_IRQHandler)
    PWMTMR_1_2_IRQHandler                    0x000012c5   Thumb Code   154  pwmtmr010_main.o(.text.PWMTMR_1_2_IRQHandler)
    PWMTMR_1_3_IRQHandler                    0x00001361   Thumb Code   154  pwmtmr010_main.o(.text.PWMTMR_1_3_IRQHandler)
    PWMTMR_1_4_IRQHandler                    0x000013fd   Thumb Code   112  pwmtmr010_main.o(.text.PWMTMR_1_4_IRQHandler)
    PWMTMR_2_1_IRQHandler                    0x0000146d   Thumb Code   154  pwmtmr010_main.o(.text.PWMTMR_2_1_IRQHandler)
    PWMTMR_2_2_IRQHandler                    0x00001509   Thumb Code   160  pwmtmr010_main.o(.text.PWMTMR_2_2_IRQHandler)
    PWMTMR_2_3_IRQHandler                    0x000015a9   Thumb Code   154  pwmtmr010_main.o(.text.PWMTMR_2_3_IRQHandler)
    PWMTMR_2_4_IRQHandler                    0x00001645   Thumb Code   154  pwmtmr010_main.o(.text.PWMTMR_2_4_IRQHandler)
    PWMTMR_3_1_IRQHandler                    0x000016e1   Thumb Code   154  pwmtmr010_main.o(.text.PWMTMR_3_1_IRQHandler)
    PWMTMR_3_2_IRQHandler                    0x0000177d   Thumb Code   154  pwmtmr010_main.o(.text.PWMTMR_3_2_IRQHandler)
    PWMTMR_3_3_IRQHandler                    0x00001819   Thumb Code   160  pwmtmr010_main.o(.text.PWMTMR_3_3_IRQHandler)
    PWMTMR_3_4_IRQHandler                    0x000018b9   Thumb Code   112  pwmtmr010_main.o(.text.PWMTMR_3_4_IRQHandler)
    PWMTMR_IRQHandler                        0x00001929   Thumb Code   112  pwmtmr010_main.o(.text.PWMTMR_IRQHandler)
    PendSV_Handler                           0x000019a1   Thumb Code    96  portasm.o(.text.PendSV_Handler)
    SVC_Handler                              0x00001a01   Thumb Code    36  portasm.o(.text.SVC_Handler)
    Semaphore_Handler                        0x00001a25   Thumb Code   144  drvsemaphore.o(.text.Semaphore_Handler)
    SysTick_Handler                          0x00001ab5   Thumb Code    36  cmsis_os2.o(.text.SysTick_Handler)
    SystemCoreClockUpdate                    0x00001ad9   Thumb Code    20  system_armcm33.o(.text.SystemCoreClockUpdate)
    SystemInit                               0x00001aed   Thumb Code    54  system_armcm33.o(.text.SystemInit)
    delay                                    0x00001b8d   Thumb Code    38  main.o(.text.delay)
    fLib_ClearDMAChannelIntStatus            0x00001bb5   Thumb Code    38  drvdmac020.o(.text.fLib_ClearDMAChannelIntStatus)
    fLib_ClearGpioInt                        0x00001bdd   Thumb Code    16  drvgpio010.o(.text.fLib_ClearGpioInt)
    fLib_DMA_CHDataCtrl                      0x00001bed   Thumb Code    64  drvdmac020.o(.text.fLib_DMA_CHDataCtrl)
    fLib_DMA_CHIntMask                       0x00001c2d   Thumb Code    32  drvdmac020.o(.text.fLib_DMA_CHIntMask)
    fLib_DMA_CHLinkList                      0x00001c4d   Thumb Code    32  drvdmac020.o(.text.fLib_DMA_CHLinkList)
    fLib_DMA_ClearAllInterrupt               0x00001c6d   Thumb Code    24  drvdmac020.o(.text.fLib_DMA_ClearAllInterrupt)
    fLib_DMA_EnableDMAInt                    0x00001c85   Thumb Code    22  drvdmac020.o(.text.fLib_DMA_EnableDMAInt)
    fLib_DMA_LinkMode                        0x00001c9d   Thumb Code  1282  drvdmac020.o(.text.fLib_DMA_LinkMode)
    fLib_DMA_NormalMode                      0x000021a1   Thumb Code   172  drvdmac020.o(.text.fLib_DMA_NormalMode)
    fLib_EnableDMAChannel                    0x0000224d   Thumb Code    52  drvdmac020.o(.text.fLib_EnableDMAChannel)
    fLib_GetGpioIntMaskStatus                0x00002281   Thumb Code    12  drvgpio010.o(.text.fLib_GetGpioIntMaskStatus)
    fLib_Gpio_ReadData                       0x0000228d   Thumb Code    12  drvgpio010.o(.text.fLib_Gpio_ReadData)
    fLib_Gpio_WriteData                      0x00002299   Thumb Code    16  drvgpio010.o(.text.fLib_Gpio_WriteData)
    fLib_InitDMA                             0x000022a9   Thumb Code    58  drvdmac020.o(.text.fLib_InitDMA)
    fLib_SetDMAChannelCfg                    0x000022e5   Thumb Code    32  drvdmac020.o(.text.fLib_SetDMAChannelCfg)
    fLib_SetGpioDir                          0x00002305   Thumb Code    66  drvgpio010.o(.text.fLib_SetGpioDir)
    fLib_Timer_IntClear                      0x00002349   Thumb Code   124  drvpwmtmr010.o(.text.fLib_Timer_IntClear)
    fLib_WatchDog_ClearOverflowStatus        0x000023c5   Thumb Code    46  drvwdt011.o(.text.fLib_WatchDog_ClearOverflowStatus)
    fLib_WatchDog_ClearUnderflowStatus       0x000023f5   Thumb Code    46  drvwdt011.o(.text.fLib_WatchDog_ClearUnderflowStatus)
    fLib_WatchDog_GetGlobalIntrStatus        0x00002425   Thumb Code    28  drvwdt011.o(.text.fLib_WatchDog_GetGlobalIntrStatus)
    fLib_printf                              0x00002441   Thumb Code    76  drvuart010.o(.text.fLib_printf)
    fLib_putchar                             0x0000248d   Thumb Code   102  drvuart010.o(.text.fLib_putchar)
    ffs                                      0x000024f5   Thumb Code    80  drvkbc010.o(.text.ffs)
    ftkbc010_interrupt                       0x00002545   Thumb Code   222  drvkbc010.o(.text.ftkbc010_interrupt)
    ftssp010_spi_slave_dma_read              0x00002625   Thumb Code   134  ftssp010.o(.text.ftssp010_spi_slave_dma_read)
    ftwdt011_3_interrupt                     0x000026ad   Thumb Code   240  wdt011_main.o(.text.ftwdt011_3_interrupt)
    ftwdt011_interrupt                       0x0000279d   Thumb Code   240  wdt011_main.o(.text.ftwdt011_interrupt)
    main                                     0x0000288d   Thumb Code   164  main.o(.text.main)
    ulSetInterruptMaskFromISR                0x0000299d   Thumb Code     8  portasm.o(.text.ulSetInterruptMaskFromISR)
    uxListRemove                             0x000029a5   Thumb Code    72  list.o(.text.uxListRemove)
    vApplicationStackOverflowHook            0x000029ed   Thumb Code    10  cmsis_os2.o(.text.vApplicationStackOverflowHook)
    vClearInterruptMaskFromISR               0x000029f9   Thumb Code     6  portasm.o(.text.vClearInterruptMaskFromISR)
    vListInsertEnd                           0x00002a01   Thumb Code    58  list.o(.text.vListInsertEnd)
    vPortSVCHandler_C                        0x00002a3d   Thumb Code    48  port.o(.text.vPortSVCHandler_C)
    vRestoreContextOfFirstTask               0x00002a71   Thumb Code    36  portasm.o(.text.vRestoreContextOfFirstTask)
    vTaskSwitchContext                       0x00002a95   Thumb Code   270  tasks.o(.text.vTaskSwitchContext)
    xPortSysTickHandler                      0x00002ba5   Thumb Code    46  port.o(.text.xPortSysTickHandler)
    xTaskGetSchedulerState                   0x00002bd5   Thumb Code    60  tasks.o(.text.xTaskGetSchedulerState)
    xTaskIncrementTick                       0x00002c11   Thumb Code   428  tasks.o(.text.xTaskIncrementTick)
    __0vsprintf                              0x00002dbd   Thumb Code    30  printfa.o(i.__0vsprintf)
    __1vsprintf                              0x00002dbd   Thumb Code     0  printfa.o(i.__0vsprintf)
    __2vsprintf                              0x00002dbd   Thumb Code     0  printfa.o(i.__0vsprintf)
    __c89vsprintf                            0x00002dbd   Thumb Code     0  printfa.o(i.__0vsprintf)
    vsprintf                                 0x00002dbd   Thumb Code     0  printfa.o(i.__0vsprintf)
    __scatterload_copy                       0x00002de1   Thumb Code    14  handlers.o(i.__scatterload_copy)
    __scatterload_null                       0x00002def   Thumb Code     2  handlers.o(i.__scatterload_null)
    __scatterload_zeroinit                   0x00002df1   Thumb Code    14  handlers.o(i.__scatterload_zeroinit)
    Region$$Table$$Base                      0x0000390c   Number         0  anon$$obj.o(Region$$Table)
    Region$$Table$$Limit                     0x0000392c   Number         0  anon$$obj.o(Region$$Table)
    DMAReg                                   0x00010000   Data           4  drvdmac020.o(.data.DMAReg)
    SystemCoreClock                          0x00010004   Data           4  system_armcm33.o(.data.SystemCoreClock)
    UART_PORT                                0x00010008   Data          40  drvuart010.o(.data.UART_PORT)
    WDT_BASE                                 0x00010030   Data           8  wdt011_main.o(.data.WDT_BASE)
    burst_size_selection                     0x00010038   Data          32  drvdmac020.o(.data.burst_size_selection)
    OverflowFlag                             0x00010060   Data           4  wdt011_main.o(.bss.OverflowFlag)
    T1_Tick                                  0x00010064   Data           4  drvpwmtmr010.o(.bss.T1_Tick)
    T2_Tick                                  0x00010068   Data           4  drvpwmtmr010.o(.bss.T2_Tick)
    T3_Tick                                  0x0001006c   Data           4  drvpwmtmr010.o(.bss.T3_Tick)
    T4_Tick                                  0x00010070   Data           4  drvpwmtmr010.o(.bss.T4_Tick)
    UnderflowFlag                            0x00010074   Data           4  wdt011_main.o(.bss.UnderflowFlag)
    WDT_BASE_IDX                             0x00010078   Data           4  wdt011_main.o(.bss.WDT_BASE_IDX)
    ftkbc010                                 0x0001007c   Data           4  drvkbc010.o(.bss.ftkbc010)
    hr                                       0x00010080   Data           1  pwmtmr010_main.o(.bss.hr)
    min                                      0x00010081   Data           1  pwmtmr010_main.o(.bss.min)
    pxCurrentTCB                             0x00010084   Data           4  tasks.o(.bss.pxCurrentTCB)
    sec                                      0x000104f0   Data           1  pwmtmr010_main.o(.bss.sec)
    __stack_limit                            0x00010518   Data           0  startup_armcm33.o(STACK)
    __initial_sp                             0x00011518   Data           0  startup_armcm33.o(STACK)



==============================================================================

Memory Map of the image

  Image Entry point : 0x000007c1

  Load Region LR_IROM1 (Base: 0x00000000, Size: 0x00003988, Max: 0x00010000, ABSOLUTE)

    Execution Region ER_IROM1 (Exec base: 0x00000000, Load base: 0x00000000, Size: 0x0000392c, Max: 0x00010000, ABSOLUTE)

    Exec Addr    Load Addr    Size         Type   Attr      Idx    E Section Name        Object

    0x00000000   0x00000000   0x000007c0   Data   RO         1583    RESET               startup_armcm33.o
    0x000007c0   0x000007c0   0x00000000   Code   RO         2153  * .ARM.Collect$$$$00000000  mc_w.l(entry.o)
    0x000007c0   0x000007c0   0x00000004   Code   RO         2278    .ARM.Collect$$$$00000001  mc_w.l(entry2.o)
    0x000007c4   0x000007c4   0x00000004   Code   RO         2281    .ARM.Collect$$$$00000004  mc_w.l(entry5.o)
    0x000007c8   0x000007c8   0x00000000   Code   RO         2283    .ARM.Collect$$$$00000008  mc_w.l(entry7b.o)
    0x000007c8   0x000007c8   0x00000000   Code   RO         2285    .ARM.Collect$$$$0000000A  mc_w.l(entry8b.o)
    0x000007c8   0x000007c8   0x00000008   Code   RO         2286    .ARM.Collect$$$$0000000B  mc_w.l(entry9a.o)
    0x000007d0   0x000007d0   0x00000000   Code   RO         2288    .ARM.Collect$$$$0000000D  mc_w.l(entry10a.o)
    0x000007d0   0x000007d0   0x00000000   Code   RO         2290    .ARM.Collect$$$$0000000F  mc_w.l(entry11a.o)
    0x000007d0   0x000007d0   0x00000004   Code   RO         2279    .ARM.Collect$$$$00002712  mc_w.l(entry2.o)
    0x000007d4   0x000007d4   0x000000bc   Code   RO         1584    .text               startup_armcm33.o
    0x00000890   0x00000890   0x00000024   Code   RO         2196    .text               mc_w.l(memseta.o)
    0x000008b4   0x000008b4   0x0000002c   Code   RO         2292    .text               mc_w.l(uidiv.o)
    0x000008e0   0x000008e0   0x00000062   Code   RO         2294    .text               mc_w.l(uldiv.o)
    0x00000942   0x00000942   0x00000000   Code   RO         2321    .text               mc_w.l(iusefp.o)
    0x00000942   0x00000942   0x0000014e   Code   RO         2322    .text               mf_w.l(dadd.o)
    0x00000a90   0x00000a90   0x000000e4   Code   RO         2324    .text               mf_w.l(dmul.o)
    0x00000b74   0x00000b74   0x000000de   Code   RO         2326    .text               mf_w.l(ddiv.o)
    0x00000c52   0x00000c52   0x00000030   Code   RO         2328    .text               mf_w.l(dfixul.o)
    0x00000c82   0x00000c82   0x00000002   PAD
    0x00000c84   0x00000c84   0x00000030   Code   RO         2330    .text               mf_w.l(cdrcmple.o)
    0x00000cb4   0x00000cb4   0x00000024   Code   RO         2332    .text               mc_w.l(init.o)
    0x00000cd8   0x00000cd8   0x0000001e   Code   RO         2334    .text               mc_w.l(llshl.o)
    0x00000cf6   0x00000cf6   0x00000020   Code   RO         2336    .text               mc_w.l(llushr.o)
    0x00000d16   0x00000d16   0x00000024   Code   RO         2338    .text               mc_w.l(llsshr.o)
    0x00000d3a   0x00000d3a   0x000000ba   Code   RO         2346    .text               mf_w.l(depilogue.o)
    0x00000df4   0x00000df4   0x00000072   Code   RO          837    .text.AHB_DMA_IRQHandler  drvdmac020.o
    0x00000e66   0x00000e66   0x00000002   PAD
    0x00000e68   0x00000e68   0x00000052   Code   RO          839    .text.AHB_DMA_TC_IRQHandler  drvdmac020.o
    0x00000eba   0x00000eba   0x00000002   PAD
    0x00000ebc   0x00000ebc   0x00000014   Code   RO          648    .text.CTI_Handler   drvsemaphore.o
    0x00000ed0   0x00000ed0   0x00000028   Code   RO          548    .text.CheckTxStatus  drvuart010.o
    0x00000ef8   0x00000ef8   0x0000005e   Code   RO          136    .text.GPIO010_IRQHandler  gpio010_main.o
    0x00000f56   0x00000f56   0x00000002   PAD
    0x00000f58   0x00000f58   0x0000001e   Code   RO          540    .text.GetUartStatus  drvuart010.o
    0x00000f76   0x00000f76   0x00000002   PAD
    0x00000f78   0x00000f78   0x00000022   Code   RO          542    .text.IsThrEmpty    drvuart010.o
    0x00000f9a   0x00000f9a   0x00000002   PAD
    0x00000f9c   0x00000f9c   0x000000de   Code   RO           27    .text.PWMTMR1_IRQHandler  pwmtmr010_main.o
    0x0000107a   0x0000107a   0x00000002   PAD
    0x0000107c   0x0000107c   0x0000009a   Code   RO           29    .text.PWMTMR2_IRQHandler  pwmtmr010_main.o
    0x00001116   0x00001116   0x00000002   PAD
    0x00001118   0x00001118   0x0000009a   Code   RO           31    .text.PWMTMR3_IRQHandler  pwmtmr010_main.o
    0x000011b2   0x000011b2   0x00000002   PAD
    0x000011b4   0x000011b4   0x00000070   Code   RO           33    .text.PWMTMR4_IRQHandler  pwmtmr010_main.o
    0x00001224   0x00001224   0x000000a0   Code   RO           37    .text.PWMTMR_1_1_IRQHandler  pwmtmr010_main.o
    0x000012c4   0x000012c4   0x0000009a   Code   RO           39    .text.PWMTMR_1_2_IRQHandler  pwmtmr010_main.o
    0x0000135e   0x0000135e   0x00000002   PAD
    0x00001360   0x00001360   0x0000009a   Code   RO           41    .text.PWMTMR_1_3_IRQHandler  pwmtmr010_main.o
    0x000013fa   0x000013fa   0x00000002   PAD
    0x000013fc   0x000013fc   0x00000070   Code   RO           43    .text.PWMTMR_1_4_IRQHandler  pwmtmr010_main.o
    0x0000146c   0x0000146c   0x0000009a   Code   RO           45    .text.PWMTMR_2_1_IRQHandler  pwmtmr010_main.o
    0x00001506   0x00001506   0x00000002   PAD
    0x00001508   0x00001508   0x000000a0   Code   RO           47    .text.PWMTMR_2_2_IRQHandler  pwmtmr010_main.o
    0x000015a8   0x000015a8   0x0000009a   Code   RO           49    .text.PWMTMR_2_3_IRQHandler  pwmtmr010_main.o
    0x00001642   0x00001642   0x00000002   PAD
    0x00001644   0x00001644   0x0000009a   Code   RO           51    .text.PWMTMR_2_4_IRQHandler  pwmtmr010_main.o
    0x000016de   0x000016de   0x00000002   PAD
    0x000016e0   0x000016e0   0x0000009a   Code   RO           53    .text.PWMTMR_3_1_IRQHandler  pwmtmr010_main.o
    0x0000177a   0x0000177a   0x00000002   PAD
    0x0000177c   0x0000177c   0x0000009a   Code   RO           55    .text.PWMTMR_3_2_IRQHandler  pwmtmr010_main.o
    0x00001816   0x00001816   0x00000002   PAD
    0x00001818   0x00001818   0x000000a0   Code   RO           57    .text.PWMTMR_3_3_IRQHandler  pwmtmr010_main.o
    0x000018b8   0x000018b8   0x00000070   Code   RO           59    .text.PWMTMR_3_4_IRQHandler  pwmtmr010_main.o
    0x00001928   0x00001928   0x00000070   Code   RO           35    .text.PWMTMR_IRQHandler  pwmtmr010_main.o
    0x00001998   0x00001998   0x00000008   PAD
    0x000019a0   0x000019a0   0x00000060   Code   RO         1707    .text.PendSV_Handler  portasm.o
    0x00001a00   0x00001a00   0x00000024   Code   RO         1709    .text.SVC_Handler   portasm.o
    0x00001a24   0x00001a24   0x00000090   Code   RO          646    .text.Semaphore_Handler  drvsemaphore.o
    0x00001ab4   0x00001ab4   0x00000024   Code   RO         1272    .text.SysTick_Handler  cmsis_os2.o
    0x00001ad8   0x00001ad8   0x00000014   Code   RO         1591    .text.SystemCoreClockUpdate  system_armcm33.o
    0x00001aec   0x00001aec   0x00000036   Code   RO         1593    .text.SystemInit    system_armcm33.o
    0x00001b22   0x00001b22   0x00000002   PAD
    0x00001b24   0x00001b24   0x00000034   Code   RO            6    .text.__NVIC_EnableIRQ  main.o
    0x00001b58   0x00001b58   0x00000034   Code   RO          893    .text.__NVIC_EnableIRQ  drvdmac020.o
    0x00001b8c   0x00001b8c   0x00000026   Code   RO            2    .text.delay         main.o
    0x00001bb2   0x00001bb2   0x00000002   PAD
    0x00001bb4   0x00001bb4   0x00000026   Code   RO          861    .text.fLib_ClearDMAChannelIntStatus  drvdmac020.o
    0x00001bda   0x00001bda   0x00000002   PAD
    0x00001bdc   0x00001bdc   0x00000010   Code   RO          622    .text.fLib_ClearGpioInt  drvgpio010.o
    0x00001bec   0x00001bec   0x00000040   Code   RO          875    .text.fLib_DMA_CHDataCtrl  drvdmac020.o
    0x00001c2c   0x00001c2c   0x00000020   Code   RO          871    .text.fLib_DMA_CHIntMask  drvdmac020.o
    0x00001c4c   0x00001c4c   0x00000020   Code   RO          873    .text.fLib_DMA_CHLinkList  drvdmac020.o
    0x00001c6c   0x00001c6c   0x00000018   Code   RO          885    .text.fLib_DMA_ClearAllInterrupt  drvdmac020.o
    0x00001c84   0x00001c84   0x00000016   Code   RO          891    .text.fLib_DMA_EnableDMAInt  drvdmac020.o
    0x00001c9a   0x00001c9a   0x00000002   PAD
    0x00001c9c   0x00001c9c   0x00000502   Code   RO          877    .text.fLib_DMA_LinkMode  drvdmac020.o
    0x0000219e   0x0000219e   0x00000002   PAD
    0x000021a0   0x000021a0   0x000000ac   Code   RO          879    .text.fLib_DMA_NormalMode  drvdmac020.o
    0x0000224c   0x0000224c   0x00000034   Code   RO          855    .text.fLib_EnableDMAChannel  drvdmac020.o
    0x00002280   0x00002280   0x0000000c   Code   RO          620    .text.fLib_GetGpioIntMaskStatus  drvgpio010.o
    0x0000228c   0x0000228c   0x0000000c   Code   RO          590    .text.fLib_Gpio_ReadData  drvgpio010.o
    0x00002298   0x00002298   0x00000010   Code   RO          592    .text.fLib_Gpio_WriteData  drvgpio010.o
    0x000022a8   0x000022a8   0x0000003a   Code   RO          853    .text.fLib_InitDMA  drvdmac020.o
    0x000022e2   0x000022e2   0x00000002   PAD
    0x000022e4   0x000022e4   0x00000020   Code   RO          863    .text.fLib_SetDMAChannelCfg  drvdmac020.o
    0x00002304   0x00002304   0x00000042   Code   RO          594    .text.fLib_SetGpioDir  drvgpio010.o
    0x00002346   0x00002346   0x00000002   PAD
    0x00002348   0x00002348   0x0000007c   Code   RO          437    .text.fLib_Timer_IntClear  drvpwmtmr010.o
    0x000023c4   0x000023c4   0x0000002e   Code   RO         1251    .text.fLib_WatchDog_ClearOverflowStatus  drvwdt011.o
    0x000023f2   0x000023f2   0x00000002   PAD
    0x000023f4   0x000023f4   0x0000002e   Code   RO         1253    .text.fLib_WatchDog_ClearUnderflowStatus  drvwdt011.o
    0x00002422   0x00002422   0x00000002   PAD
    0x00002424   0x00002424   0x0000001c   Code   RO         1259    .text.fLib_WatchDog_GetGlobalIntrStatus  drvwdt011.o
    0x00002440   0x00002440   0x0000004c   Code   RO          568    .text.fLib_printf   drvuart010.o
    0x0000248c   0x0000248c   0x00000066   Code   RO          560    .text.fLib_putchar  drvuart010.o
    0x000024f2   0x000024f2   0x00000002   PAD
    0x000024f4   0x000024f4   0x00000050   Code   RO          920    .text.ffs           drvkbc010.o
    0x00002544   0x00002544   0x000000de   Code   RO          926    .text.ftkbc010_interrupt  drvkbc010.o
    0x00002622   0x00002622   0x00000002   PAD
    0x00002624   0x00002624   0x00000086   Code   RO         1108    .text.ftssp010_spi_slave_dma_read  ftssp010.o
    0x000026aa   0x000026aa   0x00000002   PAD
    0x000026ac   0x000026ac   0x000000f0   Code   RO          338    .text.ftwdt011_3_interrupt  wdt011_main.o
    0x0000279c   0x0000279c   0x000000f0   Code   RO          336    .text.ftwdt011_interrupt  wdt011_main.o
    0x0000288c   0x0000288c   0x000000a4   Code   RO            4    .text.main          main.o
    0x00002930   0x00002930   0x00000048   Code   RO         1841    .text.prvResetNextTaskUnblockTime  tasks.o
    0x00002978   0x00002978   0x00000022   Code   RO         1672    .text.prvSetupFPU   port.o
    0x0000299a   0x0000299a   0x00000002   PAD
    0x0000299c   0x0000299c   0x00000008   Code   RO         1703    .text.ulSetInterruptMaskFromISR  portasm.o
    0x000029a4   0x000029a4   0x00000048   Code   RO         1652    .text.uxListRemove  list.o
    0x000029ec   0x000029ec   0x0000000a   Code   RO         1402    .text.vApplicationStackOverflowHook  cmsis_os2.o
    0x000029f6   0x000029f6   0x00000002   PAD
    0x000029f8   0x000029f8   0x00000006   Code   RO         1705    .text.vClearInterruptMaskFromISR  portasm.o
    0x000029fe   0x000029fe   0x00000002   PAD
    0x00002a00   0x00002a00   0x0000003a   Code   RO         1648    .text.vListInsertEnd  list.o
    0x00002a3a   0x00002a3a   0x00000002   PAD
    0x00002a3c   0x00002a3c   0x00000030   Code   RO         1670    .text.vPortSVCHandler_C  port.o
    0x00002a6c   0x00002a6c   0x00000004   PAD
    0x00002a70   0x00002a70   0x00000024   Code   RO         1693    .text.vRestoreContextOfFirstTask  portasm.o
    0x00002a94   0x00002a94   0x0000010e   Code   RO         1863    .text.vTaskSwitchContext  tasks.o
    0x00002ba2   0x00002ba2   0x00000002   PAD
    0x00002ba4   0x00002ba4   0x0000002e   Code   RO         1668    .text.xPortSysTickHandler  port.o
    0x00002bd2   0x00002bd2   0x00000002   PAD
    0x00002bd4   0x00002bd4   0x0000003c   Code   RO         1921    .text.xTaskGetSchedulerState  tasks.o
    0x00002c10   0x00002c10   0x000001ac   Code   RO         1877    .text.xTaskIncrementTick  tasks.o
    0x00002dbc   0x00002dbc   0x00000024   Code   RO         2221    i.__0vsprintf       mc_w.l(printfa.o)
    0x00002de0   0x00002de0   0x0000000e   Code   RO         2359    i.__scatterload_copy  mc_w.l(handlers.o)
    0x00002dee   0x00002dee   0x00000002   Code   RO         2360    i.__scatterload_null  mc_w.l(handlers.o)
    0x00002df0   0x00002df0   0x0000000e   Code   RO         2361    i.__scatterload_zeroinit  mc_w.l(handlers.o)
    0x00002dfe   0x00002dfe   0x00000002   PAD
    0x00002e00   0x00002e00   0x00000184   Code   RO         2222    i._fp_digits        mc_w.l(printfa.o)
    0x00002f84   0x00002f84   0x000006dc   Code   RO         2223    i._printf_core      mc_w.l(printfa.o)
    0x00003660   0x00003660   0x00000024   Code   RO         2224    i._printf_post_padding  mc_w.l(printfa.o)
    0x00003684   0x00003684   0x0000002e   Code   RO         2225    i._printf_pre_padding  mc_w.l(printfa.o)
    0x000036b2   0x000036b2   0x0000000a   Code   RO         2227    i._sputc            mc_w.l(printfa.o)
    0x000036bc   0x000036bc   0x0000000d   Data   RO            8    .rodata.str1.1      main.o
    0x000036c9   0x000036c9   0x000000e6   Data   RO           61    .rodata.str1.1      pwmtmr010_main.o
    0x000037af   0x000037af   0x0000001d   Data   RO          152    .rodata.str1.1      gpio010_main.o
    0x000037cc   0x000037cc   0x0000007d   Data   RO          375    .rodata.str1.1      wdt011_main.o
    0x00003849   0x00003849   0x00000011   Data   RO          660    .rodata.str1.1      drvsemaphore.o
    0x0000385a   0x0000385a   0x00000095   Data   RO          909    .rodata.str1.1      drvdmac020.o
    0x000038ef   0x000038ef   0x0000001b   Data   RO          935    .rodata.str1.1      drvkbc010.o
    0x0000390a   0x0000390a   0x00000002   PAD
    0x0000390c   0x0000390c   0x00000020   Data   RO         2358    Region$$Table       anon$$obj.o


    Execution Region RW_IRAM1 (Exec base: 0x00010000, Load base: 0x00003930, Size: 0x00001518, Max: 0x00010000, ABSOLUTE)

    Exec Addr    Load Addr    Size         Type   Attr      Idx    E Section Name        Object

    0x00010000   0x00003930   0x00000004   Data   RW          908    .data.DMAReg        drvdmac020.o
    0x00010004   0x00003934   0x00000004   Data   RW         1595    .data.SystemCoreClock  system_armcm33.o
    0x00010008   0x00003938   0x00000028   Data   RW          580    .data.UART_PORT     drvuart010.o
    0x00010030   0x00003960   0x00000008   Data   RW          373    .data.WDT_BASE      wdt011_main.o
    0x00010038   0x00003968   0x00000020   Data   RW          907    .data.burst_size_selection  drvdmac020.o
    0x00010058        -       0x00000004   Zero   RW          910    .bss.DMA_INT_OCCURRED  drvdmac020.o
    0x0001005c        -       0x00000004   Zero   RW          911    .bss.DMA_TC_INT_OCCURRED  drvdmac020.o
    0x00010060        -       0x00000004   Zero   RW          377    .bss.OverflowFlag   wdt011_main.o
    0x00010064        -       0x00000004   Zero   RW          477    .bss.T1_Tick        drvpwmtmr010.o
    0x00010068        -       0x00000004   Zero   RW          478    .bss.T2_Tick        drvpwmtmr010.o
    0x0001006c        -       0x00000004   Zero   RW          479    .bss.T3_Tick        drvpwmtmr010.o
    0x00010070        -       0x00000004   Zero   RW          480    .bss.T4_Tick        drvpwmtmr010.o
    0x00010074        -       0x00000004   Zero   RW          376    .bss.UnderflowFlag  wdt011_main.o
    0x00010078        -       0x00000004   Zero   RW          374    .bss.WDT_BASE_IDX   wdt011_main.o
    0x0001007c        -       0x00000004   Zero   RW          934    .bss.ftkbc010       drvkbc010.o
    0x00010080        -       0x00000001   Zero   RW           62    .bss.hr             pwmtmr010_main.o
    0x00010081        -       0x00000001   Zero   RW           63    .bss.min            pwmtmr010_main.o
    0x00010082   0x00003988   0x00000002   PAD
    0x00010084        -       0x00000004   Zero   RW         1949    .bss.pxCurrentTCB   tasks.o
    0x00010088        -       0x00000004   Zero   RW         1956    .bss.pxDelayedTaskList  tasks.o
    0x0001008c        -       0x00000004   Zero   RW         1957    .bss.pxOverflowDelayedTaskList  tasks.o
    0x00010090        -       0x00000460   Zero   RW         1959    .bss.pxReadyTasksLists  tasks.o
    0x000104f0        -       0x00000001   Zero   RW           64    .bss.sec            pwmtmr010_main.o
    0x000104f1   0x00003988   0x00000003   PAD
    0x000104f4        -       0x00000004   Zero   RW         1967    .bss.uxPendedTicks  tasks.o
    0x000104f8        -       0x00000004   Zero   RW         1961    .bss.uxSchedulerSuspended  tasks.o
    0x000104fc        -       0x00000004   Zero   RW         1960    .bss.uxTopReadyPriority  tasks.o
    0x00010500        -       0x00000004   Zero   RW         1965    .bss.xNextTaskUnblockTime  tasks.o
    0x00010504        -       0x00000004   Zero   RW         1968    .bss.xNumOfOverflows  tasks.o
    0x00010508        -       0x00000004   Zero   RW         1954    .bss.xSchedulerRunning  tasks.o
    0x0001050c        -       0x00000004   Zero   RW         1955    .bss.xTickCount     tasks.o
    0x00010510        -       0x00000004   Zero   RW         1966    .bss.xYieldPending  tasks.o
    0x00010514   0x00003988   0x00000004   PAD
    0x00010518        -       0x00001000   Zero   RW         1581    STACK               startup_armcm33.o


==============================================================================

Image component sizes


      Code (inc. data)   RO Data    RW Data    ZI Data      Debug   Object Name

        46          0          0          0          0      34020   cmsis_os2.o
      2056          0        149         36          8      12219   drvdmac020.o
       122          0          0          0          0       4388   drvgpio010.o
       302          0         27          0          4       5052   drvkbc010.o
       124          4          0          0         16      11360   drvpwmtmr010.o
       164          0         17          0          0       1918   drvsemaphore.o
       282          0          0         40          0       9165   drvuart010.o
       120          0          0          0          0       4426   drvwdt011.o
       134          0          0          0          0      12405   ftssp010.o
        94          0         29          0          0       6125   gpio010_main.o
       130          0          0          0          0       2351   list.o
       254          0         13          0          0       4131   main.o
       128          0          0          0          0       2729   port.o
       182         24          0          0          0       1458   portasm.o
      2536          0        230          0          3       4772   pwmtmr010_main.o
       188         12       1984          0       4096       4056   startup_armcm33.o
        74          0          0          4          0       1926   system_armcm33.o
       830          0          0          0       1164      20978   tasks.o
       480          0        125          8         12       9843   wdt011_main.o

    ----------------------------------------------------------------------
      8324         40       2608         88       5312     153322   Object Totals
         0          0         32          0          0          0   (incl. Generated)
        78          0          2          0          9          0   (incl. Padding)

    ----------------------------------------------------------------------

      Code (inc. data)   RO Data    RW Data    ZI Data      Debug   Library Member Name

         0          0          0          0          0          0   entry.o
         0          0          0          0          0          0   entry10a.o
         0          0          0          0          0          0   entry11a.o
         8          4          0          0          0          0   entry2.o
         4          0          0          0          0          0   entry5.o
         0          0          0          0          0          0   entry7b.o
         0          0          0          0          0          0   entry8b.o
         8          4          0          0          0          0   entry9a.o
        30          0          0          0          0          0   handlers.o
        36          8          0          0          0         68   init.o
         0          0          0          0          0          0   iusefp.o
        30          0          0          0          0         68   llshl.o
        36          0          0          0          0         68   llsshr.o
        32          0          0          0          0         68   llushr.o
        36          0          0          0          0        108   memseta.o
      2272         86          0          0          0        516   printfa.o
        44          0          0          0          0         80   uidiv.o
        98          0          0          0          0         92   uldiv.o
        48          0          0          0          0         68   cdrcmple.o
       334          0          0          0          0        148   dadd.o
       222          0          0          0          0        100   ddiv.o
       186          0          0          0          0        176   depilogue.o
        48          0          0          0          0         68   dfixul.o
       228          0          0          0          0         96   dmul.o

    ----------------------------------------------------------------------
      3704        102          0          0          0       1724   Library Totals
         4          0          0          0          0          0   (incl. Padding)

    ----------------------------------------------------------------------

      Code (inc. data)   RO Data    RW Data    ZI Data      Debug   Library Name

      2634        102          0          0          0       1068   mc_w.l
      1066          0          0          0          0        656   mf_w.l

    ----------------------------------------------------------------------
      3704        102          0          0          0       1724   Library Totals

    ----------------------------------------------------------------------

==============================================================================


      Code (inc. data)   RO Data    RW Data    ZI Data      Debug   

     12028        142       2608         88       5312     154094   Grand Totals
     12028        142       2608         88       5312     154094   ELF Image Totals
     12028        142       2608         88          0          0   ROM Totals

==============================================================================

    Total RO  Size (Code + RO Data)                14636 (  14.29kB)
    Total RW  Size (RW Data + ZI Data)              5400 (   5.27kB)
    Total ROM Size (Code + RO Data + RW Data)      14724 (  14.38kB)

==============================================================================

